0.001 START scenario=baseline sdk=10.15.0 ios=26.5
0.054 READY tileSize=256 sourceZoom=16 cameraZoom=16
0.136 VIEW width=402.0 height=710.0 scale=3.0
0.201 REQUEST id=1 z=18 x=231921 y=102283 parent=16/57980/25570 source=local
0.201 DELIVER id=1 z=18 x=231921 y=102283 parent=16/57980/25570 source=local pending=0
0.201 REQUEST id=2 z=18 x=231922 y=102283 parent=16/57980/25570 source=local
0.201 DELIVER id=2 z=18 x=231922 y=102283 parent=16/57980/25570 source=local pending=0
0.202 REQUEST id=3 z=18 x=231923 y=102283 parent=16/57980/25570 source=local
0.202 DELIVER id=3 z=18 x=231923 y=102283 parent=16/57980/25570 source=local pending=0
0.203 REQUEST id=4 z=18 x=231921 y=102286 parent=16/57980/25571 source=local
0.203 DELIVER id=4 z=18 x=231921 y=102286 parent=16/57980/25571 source=local pending=0
0.203 REQUEST id=5 z=18 x=231921 y=102284 parent=16/57980/25571 source=local
0.203 DELIVER id=5 z=18 x=231921 y=102284 parent=16/57980/25571 source=local pending=0
0.203 REQUEST id=6 z=18 x=231921 y=102285 parent=16/57980/25571 source=local
0.203 DELIVER id=6 z=18 x=231921 y=102285 parent=16/57980/25571 source=local pending=0
0.204 REQUEST id=7 z=18 x=231922 y=102284 parent=16/57980/25571 source=local
0.204 DELIVER id=7 z=18 x=231922 y=102284 parent=16/57980/25571 source=local pending=0
0.204 REQUEST id=8 z=18 x=231921 y=102289 parent=16/57980/25572 source=local
0.204 DELIVER id=8 z=18 x=231921 y=102289 parent=16/57980/25572 source=local pending=0
0.204 REQUEST id=9 z=18 x=231921 y=102291 parent=16/57980/25572 source=local
0.204 DELIVER id=9 z=18 x=231921 y=102291 parent=16/57980/25572 source=local pending=0
0.205 REQUEST id=10 z=18 x=231921 y=102288 parent=16/57980/25572 source=local
0.205 DELIVER id=10 z=18 x=231921 y=102288 parent=16/57980/25572 source=local pending=0
0.205 REQUEST id=11 z=18 x=231923 y=102287 parent=16/57980/25571 source=local
0.205 DELIVER id=11 z=18 x=231923 y=102287 parent=16/57980/25571 source=local pending=0
0.205 REQUEST id=12 z=18 x=231922 y=102288 parent=16/57980/25572 source=local
0.205 DELIVER id=12 z=18 x=231922 y=102288 parent=16/57980/25572 source=local pending=0
0.206 REQUEST id=13 z=18 x=231922 y=102289 parent=16/57980/25572 source=local
0.206 DELIVER id=13 z=18 x=231922 y=102289 parent=16/57980/25572 source=local pending=0
0.206 REQUEST id=14 z=18 x=231923 y=102288 parent=16/57980/25572 source=local
0.206 DELIVER id=14 z=18 x=231923 y=102288 parent=16/57980/25572 source=local pending=0
0.206 REQUEST id=15 z=18 x=231923 y=102289 parent=16/57980/25572 source=local
0.206 DELIVER id=15 z=18 x=231923 y=102289 parent=16/57980/25572 source=local pending=0
0.207 REQUEST id=16 z=18 x=231921 y=102290 parent=16/57980/25572 source=local
0.207 DELIVER id=16 z=18 x=231921 y=102290 parent=16/57980/25572 source=local pending=0
0.207 REQUEST id=17 z=18 x=231922 y=102291 parent=16/57980/25572 source=local
0.207 DELIVER id=17 z=18 x=231922 y=102291 parent=16/57980/25572 source=local pending=0
0.208 REQUEST id=18 z=18 x=231921 y=102292 parent=16/57980/25573 source=local
0.208 DELIVER id=18 z=18 x=231921 y=102292 parent=16/57980/25573 source=local pending=0
0.208 REQUEST id=19 z=18 x=231922 y=102287 parent=16/57980/25571 source=local
0.208 DELIVER id=19 z=18 x=231922 y=102287 parent=16/57980/25571 source=local pending=0
0.208 REQUEST id=20 z=18 x=231921 y=102294 parent=16/57980/25573 source=local
0.208 DELIVER id=20 z=18 x=231921 y=102294 parent=16/57980/25573 source=local pending=0
0.208 REQUEST id=21 z=18 x=231921 y=102293 parent=16/57980/25573 source=local
0.208 DELIVER id=21 z=18 x=231921 y=102293 parent=16/57980/25573 source=local pending=0
0.209 REQUEST id=22 z=18 x=231921 y=102287 parent=16/57980/25571 source=local
0.209 DELIVER id=22 z=18 x=231921 y=102287 parent=16/57980/25571 source=local pending=0
0.209 REQUEST id=23 z=18 x=231922 y=102286 parent=16/57980/25571 source=local
0.209 DELIVER id=23 z=18 x=231922 y=102286 parent=16/57980/25571 source=local pending=0
0.209 REQUEST id=24 z=18 x=231922 y=102285 parent=16/57980/25571 source=local
0.209 DELIVER id=24 z=18 x=231922 y=102285 parent=16/57980/25571 source=local pending=0
0.209 REQUEST id=25 z=18 x=231922 y=102290 parent=16/57980/25572 source=local
0.209 DELIVER id=25 z=18 x=231922 y=102290 parent=16/57980/25572 source=local pending=0
0.210 REQUEST id=26 z=18 x=231922 y=102294 parent=16/57980/25573 source=local
0.210 DELIVER id=26 z=18 x=231922 y=102294 parent=16/57980/25573 source=local pending=0
0.210 REQUEST id=27 z=18 x=231922 y=102292 parent=16/57980/25573 source=local
0.210 DELIVER id=27 z=18 x=231922 y=102292 parent=16/57980/25573 source=local pending=0
0.211 REQUEST id=28 z=18 x=231923 y=102286 parent=16/57980/25571 source=local
0.211 DELIVER id=28 z=18 x=231923 y=102286 parent=16/57980/25571 source=local pending=0
0.211 REQUEST id=29 z=18 x=231923 y=102294 parent=16/57980/25573 source=local
0.211 DELIVER id=29 z=18 x=231923 y=102294 parent=16/57980/25573 source=local pending=0
0.213 REQUEST id=30 z=18 x=231926 y=102283 parent=16/57981/25570 source=local
0.213 DELIVER id=30 z=18 x=231926 y=102283 parent=16/57981/25570 source=local pending=0
0.213 REQUEST id=31 z=18 x=231924 y=102284 parent=16/57981/25571 source=local
0.213 DELIVER id=31 z=18 x=231924 y=102284 parent=16/57981/25571 source=local pending=0
0.213 REQUEST id=32 z=18 x=231923 y=102290 parent=16/57980/25572 source=local
0.213 DELIVER id=32 z=18 x=231923 y=102290 parent=16/57980/25572 source=local pending=0
0.213 REQUEST id=33 z=18 x=231923 y=102291 parent=16/57980/25572 source=local
0.214 DELIVER id=33 z=18 x=231923 y=102291 parent=16/57980/25572 source=local pending=0
0.214 REQUEST id=34 z=18 x=231924 y=102285 parent=16/57981/25571 source=local
0.214 DELIVER id=34 z=18 x=231924 y=102285 parent=16/57981/25571 source=local pending=0
0.214 REQUEST id=35 z=18 x=231925 y=102283 parent=16/57981/25570 source=local
0.214 DELIVER id=35 z=18 x=231925 y=102283 parent=16/57981/25570 source=local pending=0
0.214 REQUEST id=36 z=18 x=231925 y=102284 parent=16/57981/25571 source=local
0.214 DELIVER id=36 z=18 x=231925 y=102284 parent=16/57981/25571 source=local pending=0
0.215 REQUEST id=37 z=18 x=231924 y=102286 parent=16/57981/25571 source=local
0.215 DELIVER id=37 z=18 x=231924 y=102286 parent=16/57981/25571 source=local pending=0
0.215 REQUEST id=38 z=18 x=231925 y=102286 parent=16/57981/25571 source=local
0.215 DELIVER id=38 z=18 x=231925 y=102286 parent=16/57981/25571 source=local pending=0
0.215 REQUEST id=39 z=18 x=231924 y=102287 parent=16/57981/25571 source=local
0.215 DELIVER id=39 z=18 x=231924 y=102287 parent=16/57981/25571 source=local pending=0
0.216 REQUEST id=40 z=18 x=231926 y=102284 parent=16/57981/25571 source=local
0.216 DELIVER id=40 z=18 x=231926 y=102284 parent=16/57981/25571 source=local pending=0
0.216 REQUEST id=41 z=18 x=231925 y=102287 parent=16/57981/25571 source=local
0.216 DELIVER id=41 z=18 x=231925 y=102287 parent=16/57981/25571 source=local pending=0
0.216 REQUEST id=42 z=18 x=231924 y=102283 parent=16/57981/25570 source=local
0.216 DELIVER id=42 z=18 x=231924 y=102283 parent=16/57981/25570 source=local pending=0
0.217 REQUEST id=43 z=18 x=231927 y=102285 parent=16/57981/25571 source=local
0.217 DELIVER id=43 z=18 x=231927 y=102285 parent=16/57981/25571 source=local pending=0
0.217 REQUEST id=44 z=18 x=231923 y=102293 parent=16/57980/25573 source=local
0.217 DELIVER id=44 z=18 x=231923 y=102293 parent=16/57980/25573 source=local pending=0
0.217 REQUEST id=45 z=18 x=231923 y=102285 parent=16/57980/25571 source=local
0.217 DELIVER id=45 z=18 x=231923 y=102285 parent=16/57980/25571 source=local pending=0
0.218 REQUEST id=46 z=18 x=231923 y=102284 parent=16/57980/25571 source=local
0.218 DELIVER id=46 z=18 x=231923 y=102284 parent=16/57980/25571 source=local pending=0
0.218 REQUEST id=47 z=18 x=231926 y=102286 parent=16/57981/25571 source=local
0.218 DELIVER id=47 z=18 x=231926 y=102286 parent=16/57981/25571 source=local pending=0
0.218 REQUEST id=48 z=18 x=231927 y=102286 parent=16/57981/25571 source=local
0.218 DELIVER id=48 z=18 x=231927 y=102286 parent=16/57981/25571 source=local pending=0
0.218 REQUEST id=49 z=18 x=231924 y=102288 parent=16/57981/25572 source=local
0.218 DELIVER id=49 z=18 x=231924 y=102288 parent=16/57981/25572 source=local pending=0
0.219 REQUEST id=50 z=18 x=231924 y=102289 parent=16/57981/25572 source=local
0.219 DELIVER id=50 z=18 x=231924 y=102289 parent=16/57981/25572 source=local pending=0
0.219 REQUEST id=51 z=18 x=231922 y=102293 parent=16/57980/25573 source=local
0.219 DELIVER id=51 z=18 x=231922 y=102293 parent=16/57980/25573 source=local pending=0
0.219 REQUEST id=52 z=18 x=231927 y=102287 parent=16/57981/25571 source=local
0.219 DELIVER id=52 z=18 x=231927 y=102287 parent=16/57981/25571 source=local pending=0
0.220 REQUEST id=53 z=18 x=231926 y=102287 parent=16/57981/25571 source=local
0.220 DELIVER id=53 z=18 x=231926 y=102287 parent=16/57981/25571 source=local pending=0
0.220 REQUEST id=54 z=18 x=231924 y=102290 parent=16/57981/25572 source=local
0.220 DELIVER id=54 z=18 x=231924 y=102290 parent=16/57981/25572 source=local pending=0
0.221 REQUEST id=55 z=18 x=231927 y=102283 parent=16/57981/25570 source=local
0.221 DELIVER id=55 z=18 x=231927 y=102283 parent=16/57981/25570 source=local pending=0
0.221 REQUEST id=56 z=18 x=231923 y=102292 parent=16/57980/25573 source=local
0.221 DELIVER id=56 z=18 x=231923 y=102292 parent=16/57980/25573 source=local pending=0
0.221 REQUEST id=57 z=18 x=231924 y=102291 parent=16/57981/25572 source=local
0.221 DELIVER id=57 z=18 x=231924 y=102291 parent=16/57981/25572 source=local pending=0
0.222 REQUEST id=58 z=18 x=231926 y=102288 parent=16/57981/25572 source=local
0.222 DELIVER id=58 z=18 x=231926 y=102288 parent=16/57981/25572 source=local pending=0
0.222 REQUEST id=59 z=18 x=231925 y=102291 parent=16/57981/25572 source=local
0.222 DELIVER id=59 z=18 x=231925 y=102291 parent=16/57981/25572 source=local pending=0
0.222 REQUEST id=60 z=18 x=231927 y=102288 parent=16/57981/25572 source=local
0.222 DELIVER id=60 z=18 x=231927 y=102288 parent=16/57981/25572 source=local pending=0
0.224 REQUEST id=61 z=18 x=231925 y=102289 parent=16/57981/25572 source=local
0.224 DELIVER id=61 z=18 x=231925 y=102289 parent=16/57981/25572 source=local pending=0
0.224 REQUEST id=62 z=18 x=231926 y=102285 parent=16/57981/25571 source=local
0.224 DELIVER id=62 z=18 x=231926 y=102285 parent=16/57981/25571 source=local pending=0
0.224 REQUEST id=63 z=18 x=231926 y=102289 parent=16/57981/25572 source=local
0.224 DELIVER id=63 z=18 x=231926 y=102289 parent=16/57981/25572 source=local pending=0
0.225 REQUEST id=64 z=18 x=231927 y=102290 parent=16/57981/25572 source=local
0.225 DELIVER id=64 z=18 x=231927 y=102290 parent=16/57981/25572 source=local pending=0
0.225 REQUEST id=65 z=18 x=231925 y=102290 parent=16/57981/25572 source=local
0.225 DELIVER id=65 z=18 x=231925 y=102290 parent=16/57981/25572 source=local pending=0
0.225 REQUEST id=66 z=18 x=231927 y=102289 parent=16/57981/25572 source=local
0.225 DELIVER id=66 z=18 x=231927 y=102289 parent=16/57981/25572 source=local pending=0
0.227 REQUEST id=67 z=18 x=231927 y=102291 parent=16/57981/25572 source=local
0.227 DELIVER id=67 z=18 x=231927 y=102291 parent=16/57981/25572 source=local pending=0
0.227 REQUEST id=68 z=18 x=231924 y=102293 parent=16/57981/25573 source=local
0.227 DELIVER id=68 z=18 x=231924 y=102293 parent=16/57981/25573 source=local pending=0
0.228 REQUEST id=69 z=18 x=231925 y=102288 parent=16/57981/25572 source=local
0.228 DELIVER id=69 z=18 x=231925 y=102288 parent=16/57981/25572 source=local pending=0
0.228 REQUEST id=70 z=18 x=231926 y=102291 parent=16/57981/25572 source=local
0.228 DELIVER id=70 z=18 x=231926 y=102291 parent=16/57981/25572 source=local pending=0
0.228 REQUEST id=71 z=18 x=231925 y=102292 parent=16/57981/25573 source=local
0.228 DELIVER id=71 z=18 x=231925 y=102292 parent=16/57981/25573 source=local pending=0
0.229 REQUEST id=72 z=18 x=231924 y=102294 parent=16/57981/25573 source=local
0.229 DELIVER id=72 z=18 x=231924 y=102294 parent=16/57981/25573 source=local pending=0
0.229 REQUEST id=73 z=18 x=231926 y=102292 parent=16/57981/25573 source=local
0.229 DELIVER id=73 z=18 x=231926 y=102292 parent=16/57981/25573 source=local pending=0
0.229 REQUEST id=74 z=18 x=231925 y=102294 parent=16/57981/25573 source=local
0.230 DELIVER id=74 z=18 x=231925 y=102294 parent=16/57981/25573 source=local pending=0
0.230 REQUEST id=75 z=18 x=231926 y=102293 parent=16/57981/25573 source=local
0.230 DELIVER id=75 z=18 x=231926 y=102293 parent=16/57981/25573 source=local pending=0
0.230 REQUEST id=76 z=18 x=231927 y=102293 parent=16/57981/25573 source=local
0.230 DELIVER id=76 z=18 x=231927 y=102293 parent=16/57981/25573 source=local pending=0
0.231 REQUEST id=77 z=18 x=231926 y=102294 parent=16/57981/25573 source=local
0.231 DELIVER id=77 z=18 x=231926 y=102294 parent=16/57981/25573 source=local pending=0
0.231 REQUEST id=78 z=18 x=231927 y=102294 parent=16/57981/25573 source=local
0.231 DELIVER id=78 z=18 x=231927 y=102294 parent=16/57981/25573 source=local pending=0
0.232 REQUEST id=79 z=18 x=231927 y=102292 parent=16/57981/25573 source=local
0.232 DELIVER id=79 z=18 x=231927 y=102292 parent=16/57981/25573 source=local pending=0
0.232 REQUEST id=80 z=18 x=231925 y=102293 parent=16/57981/25573 source=local
0.232 DELIVER id=80 z=18 x=231925 y=102293 parent=16/57981/25573 source=local pending=0
0.232 REQUEST id=81 z=18 x=231925 y=102285 parent=16/57981/25571 source=local
0.233 DELIVER id=81 z=18 x=231925 y=102285 parent=16/57981/25571 source=local pending=0
0.233 REQUEST id=82 z=18 x=231926 y=102290 parent=16/57981/25572 source=local
0.233 DELIVER id=82 z=18 x=231926 y=102290 parent=16/57981/25572 source=local pending=0
0.233 REQUEST id=83 z=18 x=231924 y=102292 parent=16/57981/25573 source=local
0.233 DELIVER id=83 z=18 x=231924 y=102292 parent=16/57981/25573 source=local pending=0
0.234 REQUEST id=84 z=18 x=231927 y=102284 parent=16/57981/25571 source=local
0.234 DELIVER id=84 z=18 x=231927 y=102284 parent=16/57981/25571 source=local pending=0
