0.002 START scenario=mixed sdk=10.15.0 ios=26.5
0.032 READY tileSize=256 sourceZoom=16 cameraZoom=16
0.118 VIEW width=402.0 height=710.0 scale=3.0
0.681 REQUEST id=1 z=18 x=231921 y=102283 parent=16/57980/25570 source=local
0.681 DELIVER id=1 z=18 x=231921 y=102283 parent=16/57980/25570 source=local pending=0
0.682 REQUEST id=2 z=18 x=231921 y=102284 parent=16/57980/25571 source=delayed
0.682 WAIT_BEGIN id=2 z=18 x=231921 y=102284 parent=16/57980/25571 source=delayed pending=1
0.683 REQUEST id=3 z=18 x=231923 y=102283 parent=16/57980/25570 source=local
0.683 DELIVER id=3 z=18 x=231923 y=102283 parent=16/57980/25570 source=local pending=1
0.683 REQUEST id=4 z=18 x=231923 y=102284 parent=16/57980/25571 source=delayed
0.683 WAIT_BEGIN id=4 z=18 x=231923 y=102284 parent=16/57980/25571 source=delayed pending=2
0.684 REQUEST id=5 z=18 x=231921 y=102289 parent=16/57980/25572 source=local
0.684 DELIVER id=5 z=18 x=231921 y=102289 parent=16/57980/25572 source=local pending=2
0.685 REQUEST id=6 z=18 x=231922 y=102283 parent=16/57980/25570 source=local
0.685 DELIVER id=6 z=18 x=231922 y=102283 parent=16/57980/25570 source=local pending=2
0.685 REQUEST id=7 z=18 x=231922 y=102284 parent=16/57980/25571 source=delayed
0.685 WAIT_BEGIN id=7 z=18 x=231922 y=102284 parent=16/57980/25571 source=delayed pending=3
0.685 REQUEST id=8 z=18 x=231921 y=102287 parent=16/57980/25571 source=delayed
0.686 WAIT_BEGIN id=8 z=18 x=231921 y=102287 parent=16/57980/25571 source=delayed pending=4
0.686 REQUEST id=9 z=18 x=231921 y=102286 parent=16/57980/25571 source=delayed
0.686 WAIT_BEGIN id=9 z=18 x=231921 y=102286 parent=16/57980/25571 source=delayed pending=5
0.686 REQUEST id=10 z=18 x=231922 y=102286 parent=16/57980/25571 source=delayed
0.686 WAIT_BEGIN id=10 z=18 x=231922 y=102286 parent=16/57980/25571 source=delayed pending=6
0.687 REQUEST id=11 z=18 x=231921 y=102288 parent=16/57980/25572 source=local
0.687 DELIVER id=11 z=18 x=231921 y=102288 parent=16/57980/25572 source=local pending=6
0.687 REQUEST id=12 z=18 x=231921 y=102291 parent=16/57980/25572 source=local
0.687 DELIVER id=12 z=18 x=231921 y=102291 parent=16/57980/25572 source=local pending=6
0.687 REQUEST id=13 z=18 x=231923 y=102287 parent=16/57980/25571 source=delayed
0.687 WAIT_BEGIN id=13 z=18 x=231923 y=102287 parent=16/57980/25571 source=delayed pending=7
0.687 REQUEST id=14 z=18 x=231922 y=102285 parent=16/57980/25571 source=delayed
0.687 WAIT_BEGIN id=14 z=18 x=231922 y=102285 parent=16/57980/25571 source=delayed pending=8
0.688 REQUEST id=15 z=18 x=231921 y=102285 parent=16/57980/25571 source=delayed
0.688 WAIT_BEGIN id=15 z=18 x=231921 y=102285 parent=16/57980/25571 source=delayed pending=9
0.689 REQUEST id=16 z=18 x=231921 y=102290 parent=16/57980/25572 source=local
0.689 DELIVER id=16 z=18 x=231921 y=102290 parent=16/57980/25572 source=local pending=9
0.689 REQUEST id=17 z=18 x=231922 y=102289 parent=16/57980/25572 source=local
0.690 DELIVER id=17 z=18 x=231922 y=102289 parent=16/57980/25572 source=local pending=9
0.691 REQUEST id=18 z=18 x=231923 y=102288 parent=16/57980/25572 source=local
0.691 DELIVER id=18 z=18 x=231923 y=102288 parent=16/57980/25572 source=local pending=9
0.691 REQUEST id=19 z=18 x=231923 y=102286 parent=16/57980/25571 source=delayed
0.691 WAIT_BEGIN id=19 z=18 x=231923 y=102286 parent=16/57980/25571 source=delayed pending=10
0.692 REQUEST id=20 z=18 x=231923 y=102289 parent=16/57980/25572 source=local
0.692 DELIVER id=20 z=18 x=231923 y=102289 parent=16/57980/25572 source=local pending=10
0.692 REQUEST id=21 z=18 x=231922 y=102287 parent=16/57980/25571 source=delayed
0.693 WAIT_BEGIN id=21 z=18 x=231922 y=102287 parent=16/57980/25571 source=delayed pending=11
0.693 REQUEST id=22 z=18 x=231922 y=102288 parent=16/57980/25572 source=local
0.693 DELIVER id=22 z=18 x=231922 y=102288 parent=16/57980/25572 source=local pending=11
0.694 REQUEST id=23 z=18 x=231922 y=102291 parent=16/57980/25572 source=local
0.694 DELIVER id=23 z=18 x=231922 y=102291 parent=16/57980/25572 source=local pending=11
0.694 REQUEST id=24 z=18 x=231922 y=102290 parent=16/57980/25572 source=local
0.694 DELIVER id=24 z=18 x=231922 y=102290 parent=16/57980/25572 source=local pending=11
0.694 REQUEST id=25 z=18 x=231923 y=102285 parent=16/57980/25571 source=delayed
0.694 WAIT_BEGIN id=25 z=18 x=231923 y=102285 parent=16/57980/25571 source=delayed pending=12
0.695 REQUEST id=26 z=18 x=231923 y=102291 parent=16/57980/25572 source=local
0.695 DELIVER id=26 z=18 x=231923 y=102291 parent=16/57980/25572 source=local pending=12
0.695 REQUEST id=27 z=18 x=231923 y=102290 parent=16/57980/25572 source=local
0.695 DELIVER id=27 z=18 x=231923 y=102290 parent=16/57980/25572 source=local pending=12
0.696 REQUEST id=28 z=18 x=231921 y=102292 parent=16/57980/25573 source=delayed
0.696 WAIT_BEGIN id=28 z=18 x=231921 y=102292 parent=16/57980/25573 source=delayed pending=13
0.696 REQUEST id=29 z=18 x=231921 y=102293 parent=16/57980/25573 source=delayed
0.696 WAIT_BEGIN id=29 z=18 x=231921 y=102293 parent=16/57980/25573 source=delayed pending=14
0.696 REQUEST id=30 z=18 x=231921 y=102294 parent=16/57980/25573 source=delayed
0.696 WAIT_BEGIN id=30 z=18 x=231921 y=102294 parent=16/57980/25573 source=delayed pending=15
0.696 REQUEST id=31 z=18 x=231922 y=102292 parent=16/57980/25573 source=delayed
0.696 WAIT_BEGIN id=31 z=18 x=231922 y=102292 parent=16/57980/25573 source=delayed pending=16
45.857 WAIT_END id=2 z=18 x=231921 y=102284 parent=16/57980/25571 source=delayed pending=15
45.859 DELIVER id=2 z=18 x=231921 y=102284 parent=16/57980/25571 source=delayed pending=15
45.860 WAIT_END id=4 z=18 x=231923 y=102284 parent=16/57980/25571 source=delayed pending=14
45.860 DELIVER id=4 z=18 x=231923 y=102284 parent=16/57980/25571 source=delayed pending=14
45.860 WAIT_END id=7 z=18 x=231922 y=102284 parent=16/57980/25571 source=delayed pending=13
45.860 DELIVER id=7 z=18 x=231922 y=102284 parent=16/57980/25571 source=delayed pending=13
45.860 WAIT_END id=8 z=18 x=231921 y=102287 parent=16/57980/25571 source=delayed pending=12
45.861 DELIVER id=8 z=18 x=231921 y=102287 parent=16/57980/25571 source=delayed pending=12
45.861 WAIT_END id=9 z=18 x=231921 y=102286 parent=16/57980/25571 source=delayed pending=11
45.861 DELIVER id=9 z=18 x=231921 y=102286 parent=16/57980/25571 source=delayed pending=11
45.861 WAIT_END id=10 z=18 x=231922 y=102286 parent=16/57980/25571 source=delayed pending=10
45.861 DELIVER id=10 z=18 x=231922 y=102286 parent=16/57980/25571 source=delayed pending=10
45.861 WAIT_END id=13 z=18 x=231923 y=102287 parent=16/57980/25571 source=delayed pending=9
45.861 DELIVER id=13 z=18 x=231923 y=102287 parent=16/57980/25571 source=delayed pending=9
45.861 WAIT_END id=14 z=18 x=231922 y=102285 parent=16/57980/25571 source=delayed pending=8
45.861 DELIVER id=14 z=18 x=231922 y=102285 parent=16/57980/25571 source=delayed pending=8
45.861 WAIT_END id=15 z=18 x=231921 y=102285 parent=16/57980/25571 source=delayed pending=7
45.861 DELIVER id=15 z=18 x=231921 y=102285 parent=16/57980/25571 source=delayed pending=7
45.861 WAIT_END id=19 z=18 x=231923 y=102286 parent=16/57980/25571 source=delayed pending=6
45.861 DELIVER id=19 z=18 x=231923 y=102286 parent=16/57980/25571 source=delayed pending=6
45.861 WAIT_END id=21 z=18 x=231922 y=102287 parent=16/57980/25571 source=delayed pending=5
45.861 DELIVER id=21 z=18 x=231922 y=102287 parent=16/57980/25571 source=delayed pending=5
45.861 WAIT_END id=25 z=18 x=231923 y=102285 parent=16/57980/25571 source=delayed pending=4
45.861 DELIVER id=25 z=18 x=231923 y=102285 parent=16/57980/25571 source=delayed pending=4
45.861 WAIT_END id=28 z=18 x=231921 y=102292 parent=16/57980/25573 source=delayed pending=3
45.861 DELIVER id=28 z=18 x=231921 y=102292 parent=16/57980/25573 source=delayed pending=3
45.861 WAIT_END id=29 z=18 x=231921 y=102293 parent=16/57980/25573 source=delayed pending=2
45.861 DELIVER id=29 z=18 x=231921 y=102293 parent=16/57980/25573 source=delayed pending=2
45.861 WAIT_END id=30 z=18 x=231921 y=102294 parent=16/57980/25573 source=delayed pending=1
45.861 DELIVER id=30 z=18 x=231921 y=102294 parent=16/57980/25573 source=delayed pending=1
45.861 WAIT_END id=31 z=18 x=231922 y=102292 parent=16/57980/25573 source=delayed pending=0
45.861 DELIVER id=31 z=18 x=231922 y=102292 parent=16/57980/25573 source=delayed pending=0
45.894 REQUEST id=32 z=18 x=231922 y=102293 parent=16/57980/25573 source=cache
45.894 DELIVER id=32 z=18 x=231922 y=102293 parent=16/57980/25573 source=cache pending=0
45.894 REQUEST id=33 z=18 x=231923 y=102292 parent=16/57980/25573 source=cache
45.894 DELIVER id=33 z=18 x=231923 y=102292 parent=16/57980/25573 source=cache pending=0
45.895 REQUEST id=34 z=18 x=231923 y=102293 parent=16/57980/25573 source=cache
45.895 DELIVER id=34 z=18 x=231923 y=102293 parent=16/57980/25573 source=cache pending=0
45.895 REQUEST id=35 z=18 x=231924 y=102283 parent=16/57981/25570 source=delayed
45.896 WAIT_BEGIN id=35 z=18 x=231924 y=102283 parent=16/57981/25570 source=delayed pending=1
45.896 REQUEST id=36 z=18 x=231922 y=102294 parent=16/57980/25573 source=cache
45.896 DELIVER id=36 z=18 x=231922 y=102294 parent=16/57980/25573 source=cache pending=1
45.897 REQUEST id=37 z=18 x=231923 y=102294 parent=16/57980/25573 source=cache
45.897 DELIVER id=37 z=18 x=231923 y=102294 parent=16/57980/25573 source=cache pending=1
45.899 REQUEST id=38 z=18 x=231926 y=102284 parent=16/57981/25571 source=local
45.899 DELIVER id=38 z=18 x=231926 y=102284 parent=16/57981/25571 source=local pending=1
45.900 REQUEST id=39 z=18 x=231925 y=102287 parent=16/57981/25571 source=local
45.900 DELIVER id=39 z=18 x=231925 y=102287 parent=16/57981/25571 source=local pending=1
45.900 REQUEST id=40 z=18 x=231925 y=102283 parent=16/57981/25570 source=delayed
45.900 WAIT_BEGIN id=40 z=18 x=231925 y=102283 parent=16/57981/25570 source=delayed pending=2
45.901 REQUEST id=41 z=18 x=231926 y=102283 parent=16/57981/25570 source=delayed
45.901 WAIT_BEGIN id=41 z=18 x=231926 y=102283 parent=16/57981/25570 source=delayed pending=3
45.901 REQUEST id=42 z=18 x=231925 y=102286 parent=16/57981/25571 source=local
45.901 DELIVER id=42 z=18 x=231925 y=102286 parent=16/57981/25571 source=local pending=3
45.902 REQUEST id=43 z=18 x=231924 y=102287 parent=16/57981/25571 source=local
45.902 DELIVER id=43 z=18 x=231924 y=102287 parent=16/57981/25571 source=local pending=3
45.902 REQUEST id=44 z=18 x=231926 y=102285 parent=16/57981/25571 source=local
45.902 DELIVER id=44 z=18 x=231926 y=102285 parent=16/57981/25571 source=local pending=3
45.902 REQUEST id=45 z=18 x=231925 y=102285 parent=16/57981/25571 source=local
45.902 DELIVER id=45 z=18 x=231925 y=102285 parent=16/57981/25571 source=local pending=3
45.903 REQUEST id=46 z=18 x=231927 y=102285 parent=16/57981/25571 source=local
45.903 DELIVER id=46 z=18 x=231927 y=102285 parent=16/57981/25571 source=local pending=3
45.903 REQUEST id=47 z=18 x=231924 y=102285 parent=16/57981/25571 source=local
45.903 DELIVER id=47 z=18 x=231924 y=102285 parent=16/57981/25571 source=local pending=3
45.904 REQUEST id=48 z=18 x=231926 y=102286 parent=16/57981/25571 source=local
45.904 DELIVER id=48 z=18 x=231926 y=102286 parent=16/57981/25571 source=local pending=3
45.904 REQUEST id=49 z=18 x=231925 y=102284 parent=16/57981/25571 source=local
45.904 DELIVER id=49 z=18 x=231925 y=102284 parent=16/57981/25571 source=local pending=3
45.905 REQUEST id=50 z=18 x=231927 y=102283 parent=16/57981/25570 source=delayed
45.905 WAIT_BEGIN id=50 z=18 x=231927 y=102283 parent=16/57981/25570 source=delayed pending=4
45.905 REQUEST id=51 z=18 x=231927 y=102286 parent=16/57981/25571 source=local
45.905 DELIVER id=51 z=18 x=231927 y=102286 parent=16/57981/25571 source=local pending=4
45.905 REQUEST id=52 z=18 x=231926 y=102287 parent=16/57981/25571 source=local
45.905 DELIVER id=52 z=18 x=231926 y=102287 parent=16/57981/25571 source=local pending=4
45.906 REQUEST id=53 z=18 x=231924 y=102288 parent=16/57981/25572 source=delayed
45.906 WAIT_BEGIN id=53 z=18 x=231924 y=102288 parent=16/57981/25572 source=delayed pending=5
45.906 REQUEST id=54 z=18 x=231927 y=102284 parent=16/57981/25571 source=local
45.906 DELIVER id=54 z=18 x=231927 y=102284 parent=16/57981/25571 source=local pending=5
45.906 REQUEST id=55 z=18 x=231925 y=102288 parent=16/57981/25572 source=delayed
45.906 WAIT_BEGIN id=55 z=18 x=231925 y=102288 parent=16/57981/25572 source=delayed pending=6
45.906 REQUEST id=56 z=18 x=231925 y=102289 parent=16/57981/25572 source=delayed
45.906 WAIT_BEGIN id=56 z=18 x=231925 y=102289 parent=16/57981/25572 source=delayed pending=7
45.907 REQUEST id=57 z=18 x=231924 y=102289 parent=16/57981/25572 source=delayed
45.907 WAIT_BEGIN id=57 z=18 x=231924 y=102289 parent=16/57981/25572 source=delayed pending=8
45.907 REQUEST id=58 z=18 x=231924 y=102291 parent=16/57981/25572 source=delayed
45.907 WAIT_BEGIN id=58 z=18 x=231924 y=102291 parent=16/57981/25572 source=delayed pending=9
45.907 REQUEST id=59 z=18 x=231927 y=102287 parent=16/57981/25571 source=local
45.907 DELIVER id=59 z=18 x=231927 y=102287 parent=16/57981/25571 source=local pending=9
45.907 REQUEST id=60 z=18 x=231925 y=102290 parent=16/57981/25572 source=delayed
45.907 WAIT_BEGIN id=60 z=18 x=231925 y=102290 parent=16/57981/25572 source=delayed pending=10
45.907 REQUEST id=61 z=18 x=231924 y=102290 parent=16/57981/25572 source=delayed
45.907 WAIT_BEGIN id=61 z=18 x=231924 y=102290 parent=16/57981/25572 source=delayed pending=11
45.908 REQUEST id=62 z=18 x=231924 y=102286 parent=16/57981/25571 source=local
45.908 DELIVER id=62 z=18 x=231924 y=102286 parent=16/57981/25571 source=local pending=11
45.908 REQUEST id=63 z=18 x=231926 y=102288 parent=16/57981/25572 source=delayed
45.908 WAIT_BEGIN id=63 z=18 x=231926 y=102288 parent=16/57981/25572 source=delayed pending=12
45.908 REQUEST id=64 z=18 x=231925 y=102291 parent=16/57981/25572 source=delayed
45.908 WAIT_BEGIN id=64 z=18 x=231925 y=102291 parent=16/57981/25572 source=delayed pending=13
45.909 REQUEST id=65 z=18 x=231924 y=102284 parent=16/57981/25571 source=local
45.909 DELIVER id=65 z=18 x=231924 y=102284 parent=16/57981/25571 source=local pending=13
45.909 REQUEST id=66 z=18 x=231926 y=102289 parent=16/57981/25572 source=delayed
45.909 WAIT_BEGIN id=66 z=18 x=231926 y=102289 parent=16/57981/25572 source=delayed pending=14
45.909 REQUEST id=67 z=18 x=231927 y=102288 parent=16/57981/25572 source=delayed
45.909 WAIT_BEGIN id=67 z=18 x=231927 y=102288 parent=16/57981/25572 source=delayed pending=15
45.909 REQUEST id=68 z=18 x=231927 y=102289 parent=16/57981/25572 source=delayed
45.909 WAIT_BEGIN id=68 z=18 x=231927 y=102289 parent=16/57981/25572 source=delayed pending=16
