0.002 START scenario=mixed sdk=10.15.0 ios=26.5
0.067 READY tileSize=256 sourceZoom=16 cameraZoom=16
0.219 VIEW width=402.0 height=612.0 scale=3.0
0.304 REQUEST id=1 z=18 x=231921 y=102284 parent=16/57980/25571 source=delayed
0.304 WAIT_BEGIN id=1 z=18 x=231921 y=102284 parent=16/57980/25571 source=delayed pending=1
0.305 REQUEST id=2 z=18 x=231921 y=102285 parent=16/57980/25571 source=delayed
0.305 WAIT_BEGIN id=2 z=18 x=231921 y=102285 parent=16/57980/25571 source=delayed pending=2
0.305 REQUEST id=3 z=18 x=231921 y=102286 parent=16/57980/25571 source=delayed
0.305 WAIT_BEGIN id=3 z=18 x=231921 y=102286 parent=16/57980/25571 source=delayed pending=3
0.306 REQUEST id=4 z=18 x=231923 y=102285 parent=16/57980/25571 source=delayed
0.306 WAIT_BEGIN id=4 z=18 x=231923 y=102285 parent=16/57980/25571 source=delayed pending=4
0.308 REQUEST id=5 z=18 x=231921 y=102287 parent=16/57980/25571 source=delayed
0.308 WAIT_BEGIN id=5 z=18 x=231921 y=102287 parent=16/57980/25571 source=delayed pending=5
0.313 REQUEST id=6 z=18 x=231921 y=102290 parent=16/57980/25572 source=local
0.313 DELIVER id=6 z=18 x=231921 y=102290 parent=16/57980/25572 source=local pending=5
0.313 REQUEST id=7 z=18 x=231922 y=102286 parent=16/57980/25571 source=delayed
0.313 WAIT_BEGIN id=7 z=18 x=231922 y=102286 parent=16/57980/25571 source=delayed pending=6
0.314 REQUEST id=8 z=18 x=231923 y=102286 parent=16/57980/25571 source=delayed
0.314 WAIT_BEGIN id=8 z=18 x=231923 y=102286 parent=16/57980/25571 source=delayed pending=7
0.319 REQUEST id=9 z=18 x=231921 y=102291 parent=16/57980/25572 source=local
0.319 DELIVER id=9 z=18 x=231921 y=102291 parent=16/57980/25572 source=local pending=7
0.320 REQUEST id=10 z=18 x=231923 y=102284 parent=16/57980/25571 source=delayed
0.320 WAIT_BEGIN id=10 z=18 x=231923 y=102284 parent=16/57980/25571 source=delayed pending=8
0.322 REQUEST id=11 z=18 x=231921 y=102288 parent=16/57980/25572 source=local
0.322 DELIVER id=11 z=18 x=231921 y=102288 parent=16/57980/25572 source=local pending=8
0.322 REQUEST id=12 z=18 x=231922 y=102287 parent=16/57980/25571 source=delayed
0.322 WAIT_BEGIN id=12 z=18 x=231922 y=102287 parent=16/57980/25571 source=delayed pending=9
0.323 REQUEST id=13 z=18 x=231923 y=102287 parent=16/57980/25571 source=delayed
0.323 WAIT_BEGIN id=13 z=18 x=231923 y=102287 parent=16/57980/25571 source=delayed pending=10
0.323 REQUEST id=14 z=18 x=231922 y=102285 parent=16/57980/25571 source=delayed
0.323 WAIT_BEGIN id=14 z=18 x=231922 y=102285 parent=16/57980/25571 source=delayed pending=11
0.323 REQUEST id=15 z=18 x=231922 y=102284 parent=16/57980/25571 source=delayed
0.323 WAIT_BEGIN id=15 z=18 x=231922 y=102284 parent=16/57980/25571 source=delayed pending=12
0.324 REQUEST id=16 z=18 x=231921 y=102289 parent=16/57980/25572 source=local
0.324 DELIVER id=16 z=18 x=231921 y=102289 parent=16/57980/25572 source=local pending=12
0.358 REQUEST id=17 z=18 x=231922 y=102288 parent=16/57980/25572 source=local
0.358 DELIVER id=17 z=18 x=231922 y=102288 parent=16/57980/25572 source=local pending=12
0.376 REQUEST id=18 z=18 x=231922 y=102289 parent=16/57980/25572 source=local
0.376 DELIVER id=18 z=18 x=231922 y=102289 parent=16/57980/25572 source=local pending=12
0.389 REQUEST id=19 z=18 x=231923 y=102288 parent=16/57980/25572 source=local
0.389 DELIVER id=19 z=18 x=231923 y=102288 parent=16/57980/25572 source=local pending=12
0.390 REQUEST id=20 z=18 x=231923 y=102289 parent=16/57980/25572 source=local
0.390 DELIVER id=20 z=18 x=231923 y=102289 parent=16/57980/25572 source=local pending=12
0.400 REQUEST id=21 z=18 x=231922 y=102290 parent=16/57980/25572 source=local
0.400 DELIVER id=21 z=18 x=231922 y=102290 parent=16/57980/25572 source=local pending=12
0.402 REQUEST id=22 z=18 x=231922 y=102291 parent=16/57980/25572 source=local
0.402 DELIVER id=22 z=18 x=231922 y=102291 parent=16/57980/25572 source=local pending=12
0.404 REQUEST id=23 z=18 x=231923 y=102290 parent=16/57980/25572 source=local
0.404 DELIVER id=23 z=18 x=231923 y=102290 parent=16/57980/25572 source=local pending=12
0.404 REQUEST id=24 z=18 x=231923 y=102291 parent=16/57980/25572 source=local
0.404 DELIVER id=24 z=18 x=231923 y=102291 parent=16/57980/25572 source=local pending=12
0.405 REQUEST id=25 z=18 x=231921 y=102293 parent=16/57980/25573 source=delayed
0.405 WAIT_BEGIN id=25 z=18 x=231921 y=102293 parent=16/57980/25573 source=delayed pending=13
0.405 REQUEST id=26 z=18 x=231921 y=102292 parent=16/57980/25573 source=delayed
0.405 WAIT_BEGIN id=26 z=18 x=231921 y=102292 parent=16/57980/25573 source=delayed pending=14
0.407 REQUEST id=27 z=18 x=231922 y=102292 parent=16/57980/25573 source=delayed
0.407 WAIT_BEGIN id=27 z=18 x=231922 y=102292 parent=16/57980/25573 source=delayed pending=15
0.407 REQUEST id=28 z=18 x=231922 y=102293 parent=16/57980/25573 source=delayed
0.407 WAIT_BEGIN id=28 z=18 x=231922 y=102293 parent=16/57980/25573 source=delayed pending=16
45.349 WAIT_END id=1 z=18 x=231921 y=102284 parent=16/57980/25571 source=delayed pending=15
45.350 DELIVER id=1 z=18 x=231921 y=102284 parent=16/57980/25571 source=delayed pending=15
45.350 WAIT_END id=2 z=18 x=231921 y=102285 parent=16/57980/25571 source=delayed pending=14
45.350 DELIVER id=2 z=18 x=231921 y=102285 parent=16/57980/25571 source=delayed pending=14
45.350 WAIT_END id=3 z=18 x=231921 y=102286 parent=16/57980/25571 source=delayed pending=13
45.350 DELIVER id=3 z=18 x=231921 y=102286 parent=16/57980/25571 source=delayed pending=13
45.350 WAIT_END id=4 z=18 x=231923 y=102285 parent=16/57980/25571 source=delayed pending=12
45.350 DELIVER id=4 z=18 x=231923 y=102285 parent=16/57980/25571 source=delayed pending=12
45.350 WAIT_END id=5 z=18 x=231921 y=102287 parent=16/57980/25571 source=delayed pending=11
45.350 DELIVER id=5 z=18 x=231921 y=102287 parent=16/57980/25571 source=delayed pending=11
45.350 WAIT_END id=7 z=18 x=231922 y=102286 parent=16/57980/25571 source=delayed pending=10
45.350 DELIVER id=7 z=18 x=231922 y=102286 parent=16/57980/25571 source=delayed pending=10
45.350 WAIT_END id=8 z=18 x=231923 y=102286 parent=16/57980/25571 source=delayed pending=9
45.350 DELIVER id=8 z=18 x=231923 y=102286 parent=16/57980/25571 source=delayed pending=9
45.350 WAIT_END id=10 z=18 x=231923 y=102284 parent=16/57980/25571 source=delayed pending=8
45.350 DELIVER id=10 z=18 x=231923 y=102284 parent=16/57980/25571 source=delayed pending=8
45.350 WAIT_END id=12 z=18 x=231922 y=102287 parent=16/57980/25571 source=delayed pending=7
45.350 DELIVER id=12 z=18 x=231922 y=102287 parent=16/57980/25571 source=delayed pending=7
45.350 WAIT_END id=13 z=18 x=231923 y=102287 parent=16/57980/25571 source=delayed pending=6
45.350 DELIVER id=13 z=18 x=231923 y=102287 parent=16/57980/25571 source=delayed pending=6
45.350 WAIT_END id=14 z=18 x=231922 y=102285 parent=16/57980/25571 source=delayed pending=5
45.350 DELIVER id=14 z=18 x=231922 y=102285 parent=16/57980/25571 source=delayed pending=5
45.350 WAIT_END id=15 z=18 x=231922 y=102284 parent=16/57980/25571 source=delayed pending=4
45.350 DELIVER id=15 z=18 x=231922 y=102284 parent=16/57980/25571 source=delayed pending=4
45.351 REQUEST id=29 z=18 x=231923 y=102292 parent=16/57980/25573 source=delayed
45.351 WAIT_BEGIN id=29 z=18 x=231923 y=102292 parent=16/57980/25573 source=delayed pending=5
45.353 REQUEST id=30 z=18 x=231924 y=102287 parent=16/57981/25571 source=local
45.353 DELIVER id=30 z=18 x=231924 y=102287 parent=16/57981/25571 source=local pending=5
45.354 REQUEST id=31 z=18 x=231924 y=102284 parent=16/57981/25571 source=local
45.354 DELIVER id=31 z=18 x=231924 y=102284 parent=16/57981/25571 source=local pending=5
45.355 REQUEST id=32 z=18 x=231925 y=102286 parent=16/57981/25571 source=local
45.355 DELIVER id=32 z=18 x=231925 y=102286 parent=16/57981/25571 source=local pending=5
45.355 REQUEST id=33 z=18 x=231925 y=102285 parent=16/57981/25571 source=local
45.355 DELIVER id=33 z=18 x=231925 y=102285 parent=16/57981/25571 source=local pending=5
45.356 REQUEST id=34 z=18 x=231924 y=102285 parent=16/57981/25571 source=local
45.356 DELIVER id=34 z=18 x=231924 y=102285 parent=16/57981/25571 source=local pending=5
45.356 REQUEST id=35 z=18 x=231923 y=102293 parent=16/57980/25573 source=delayed
45.356 WAIT_BEGIN id=35 z=18 x=231923 y=102293 parent=16/57980/25573 source=delayed pending=6
45.357 REQUEST id=36 z=18 x=231925 y=102287 parent=16/57981/25571 source=local
45.357 DELIVER id=36 z=18 x=231925 y=102287 parent=16/57981/25571 source=local pending=6
45.357 REQUEST id=37 z=18 x=231926 y=102284 parent=16/57981/25571 source=local
45.357 DELIVER id=37 z=18 x=231926 y=102284 parent=16/57981/25571 source=local pending=6
45.358 REQUEST id=38 z=18 x=231924 y=102286 parent=16/57981/25571 source=local
45.358 DELIVER id=38 z=18 x=231924 y=102286 parent=16/57981/25571 source=local pending=6
45.358 REQUEST id=39 z=18 x=231927 y=102285 parent=16/57981/25571 source=local
45.358 DELIVER id=39 z=18 x=231927 y=102285 parent=16/57981/25571 source=local pending=6
45.358 REQUEST id=40 z=18 x=231926 y=102285 parent=16/57981/25571 source=local
45.358 DELIVER id=40 z=18 x=231926 y=102285 parent=16/57981/25571 source=local pending=6
45.359 REQUEST id=41 z=18 x=231927 y=102286 parent=16/57981/25571 source=local
45.359 DELIVER id=41 z=18 x=231927 y=102286 parent=16/57981/25571 source=local pending=6
45.359 REQUEST id=42 z=18 x=231927 y=102284 parent=16/57981/25571 source=local
45.359 DELIVER id=42 z=18 x=231927 y=102284 parent=16/57981/25571 source=local pending=6
45.360 REQUEST id=43 z=18 x=231925 y=102284 parent=16/57981/25571 source=local
45.360 DELIVER id=43 z=18 x=231925 y=102284 parent=16/57981/25571 source=local pending=6
45.360 REQUEST id=44 z=18 x=231924 y=102289 parent=16/57981/25572 source=delayed
45.360 WAIT_BEGIN id=44 z=18 x=231924 y=102289 parent=16/57981/25572 source=delayed pending=7
45.360 REQUEST id=45 z=18 x=231924 y=102290 parent=16/57981/25572 source=delayed
45.360 WAIT_BEGIN id=45 z=18 x=231924 y=102290 parent=16/57981/25572 source=delayed pending=8
45.361 REQUEST id=46 z=18 x=231925 y=102288 parent=16/57981/25572 source=delayed
45.361 WAIT_BEGIN id=46 z=18 x=231925 y=102288 parent=16/57981/25572 source=delayed pending=9
45.361 REQUEST id=47 z=18 x=231924 y=102291 parent=16/57981/25572 source=delayed
45.362 WAIT_BEGIN id=47 z=18 x=231924 y=102291 parent=16/57981/25572 source=delayed pending=10
45.362 REQUEST id=48 z=18 x=231924 y=102288 parent=16/57981/25572 source=delayed
45.362 WAIT_BEGIN id=48 z=18 x=231924 y=102288 parent=16/57981/25572 source=delayed pending=11
45.362 REQUEST id=49 z=18 x=231925 y=102289 parent=16/57981/25572 source=delayed
45.362 WAIT_BEGIN id=49 z=18 x=231925 y=102289 parent=16/57981/25572 source=delayed pending=12
45.362 REQUEST id=50 z=18 x=231926 y=102287 parent=16/57981/25571 source=local
45.362 DELIVER id=50 z=18 x=231926 y=102287 parent=16/57981/25571 source=local pending=12
45.363 REQUEST id=51 z=18 x=231926 y=102286 parent=16/57981/25571 source=local
45.363 DELIVER id=51 z=18 x=231926 y=102286 parent=16/57981/25571 source=local pending=12
45.363 REQUEST id=52 z=18 x=231927 y=102287 parent=16/57981/25571 source=local
45.363 DELIVER id=52 z=18 x=231927 y=102287 parent=16/57981/25571 source=local pending=12
45.363 REQUEST id=53 z=18 x=231925 y=102290 parent=16/57981/25572 source=delayed
45.363 WAIT_BEGIN id=53 z=18 x=231925 y=102290 parent=16/57981/25572 source=delayed pending=13
45.364 REQUEST id=54 z=18 x=231925 y=102291 parent=16/57981/25572 source=delayed
45.364 WAIT_BEGIN id=54 z=18 x=231925 y=102291 parent=16/57981/25572 source=delayed pending=14
45.364 REQUEST id=55 z=18 x=231926 y=102288 parent=16/57981/25572 source=delayed
45.364 WAIT_BEGIN id=55 z=18 x=231926 y=102288 parent=16/57981/25572 source=delayed pending=15
45.364 REQUEST id=56 z=18 x=231926 y=102289 parent=16/57981/25572 source=delayed
45.364 WAIT_BEGIN id=56 z=18 x=231926 y=102289 parent=16/57981/25572 source=delayed pending=16
45.487 WAIT_END id=25 z=18 x=231921 y=102293 parent=16/57980/25573 source=delayed pending=15
45.487 DELIVER id=25 z=18 x=231921 y=102293 parent=16/57980/25573 source=delayed pending=15
45.487 WAIT_END id=26 z=18 x=231921 y=102292 parent=16/57980/25573 source=delayed pending=14
45.487 DELIVER id=26 z=18 x=231921 y=102292 parent=16/57980/25573 source=delayed pending=14
45.487 WAIT_END id=27 z=18 x=231922 y=102292 parent=16/57980/25573 source=delayed pending=13
45.487 DELIVER id=27 z=18 x=231922 y=102292 parent=16/57980/25573 source=delayed pending=13
45.487 WAIT_END id=28 z=18 x=231922 y=102293 parent=16/57980/25573 source=delayed pending=12
45.487 DELIVER id=28 z=18 x=231922 y=102293 parent=16/57980/25573 source=delayed pending=12
45.488 REQUEST id=57 z=18 x=231927 y=102288 parent=16/57981/25572 source=delayed
45.488 WAIT_BEGIN id=57 z=18 x=231927 y=102288 parent=16/57981/25572 source=delayed pending=13
45.489 REQUEST id=58 z=18 x=231927 y=102289 parent=16/57981/25572 source=delayed
45.490 WAIT_BEGIN id=58 z=18 x=231927 y=102289 parent=16/57981/25572 source=delayed pending=14
45.490 REQUEST id=59 z=18 x=231926 y=102290 parent=16/57981/25572 source=delayed
45.490 WAIT_BEGIN id=59 z=18 x=231926 y=102290 parent=16/57981/25572 source=delayed pending=15
45.491 REQUEST id=60 z=18 x=231926 y=102291 parent=16/57981/25572 source=delayed
45.491 WAIT_BEGIN id=60 z=18 x=231926 y=102291 parent=16/57981/25572 source=delayed pending=16
