0.002 START scenario=mixed sdk=10.15.0 ios=27.0
0.038 READY tileSize=256 sourceZoom=16 cameraZoom=16
0.092 VIEW width=402.0 height=710.0 scale=3.0
0.341 REQUEST id=1 z=18 x=231921 y=102283 parent=16/57980/25570 source=local
0.342 DELIVER id=1 z=18 x=231921 y=102283 parent=16/57980/25570 source=local pending=0
0.342 REQUEST id=2 z=18 x=231922 y=102283 parent=16/57980/25570 source=local
0.343 DELIVER id=2 z=18 x=231922 y=102283 parent=16/57980/25570 source=local pending=0
0.343 REQUEST id=3 z=18 x=231921 y=102284 parent=16/57980/25571 source=delayed
0.343 WAIT_BEGIN id=3 z=18 x=231921 y=102284 parent=16/57980/25571 source=delayed pending=1
0.343 REQUEST id=4 z=18 x=231921 y=102285 parent=16/57980/25571 source=delayed
0.343 WAIT_BEGIN id=4 z=18 x=231921 y=102285 parent=16/57980/25571 source=delayed pending=2
0.344 REQUEST id=5 z=18 x=231923 y=102286 parent=16/57980/25571 source=delayed
0.344 WAIT_BEGIN id=5 z=18 x=231923 y=102286 parent=16/57980/25571 source=delayed pending=3
0.344 REQUEST id=6 z=18 x=231921 y=102286 parent=16/57980/25571 source=delayed
0.344 WAIT_BEGIN id=6 z=18 x=231921 y=102286 parent=16/57980/25571 source=delayed pending=4
0.344 REQUEST id=7 z=18 x=231923 y=102284 parent=16/57980/25571 source=delayed
0.344 WAIT_BEGIN id=7 z=18 x=231923 y=102284 parent=16/57980/25571 source=delayed pending=5
0.345 REQUEST id=8 z=18 x=231923 y=102283 parent=16/57980/25570 source=local
0.345 DELIVER id=8 z=18 x=231923 y=102283 parent=16/57980/25570 source=local pending=5
0.346 REQUEST id=9 z=18 x=231922 y=102285 parent=16/57980/25571 source=delayed
0.346 WAIT_BEGIN id=9 z=18 x=231922 y=102285 parent=16/57980/25571 source=delayed pending=6
0.346 REQUEST id=10 z=18 x=231921 y=102289 parent=16/57980/25572 source=local
0.346 DELIVER id=10 z=18 x=231921 y=102289 parent=16/57980/25572 source=local pending=6
0.349 REQUEST id=11 z=18 x=231922 y=102284 parent=16/57980/25571 source=delayed
0.349 WAIT_BEGIN id=11 z=18 x=231922 y=102284 parent=16/57980/25571 source=delayed pending=7
0.350 REQUEST id=12 z=18 x=231921 y=102288 parent=16/57980/25572 source=local
0.350 DELIVER id=12 z=18 x=231921 y=102288 parent=16/57980/25572 source=local pending=7
0.350 REQUEST id=13 z=18 x=231923 y=102285 parent=16/57980/25571 source=delayed
0.350 WAIT_BEGIN id=13 z=18 x=231923 y=102285 parent=16/57980/25571 source=delayed pending=8
0.350 REQUEST id=14 z=18 x=231922 y=102287 parent=16/57980/25571 source=delayed
0.350 WAIT_BEGIN id=14 z=18 x=231922 y=102287 parent=16/57980/25571 source=delayed pending=9
0.351 REQUEST id=15 z=18 x=231921 y=102290 parent=16/57980/25572 source=local
0.351 DELIVER id=15 z=18 x=231921 y=102290 parent=16/57980/25572 source=local pending=9
0.351 REQUEST id=16 z=18 x=231923 y=102287 parent=16/57980/25571 source=delayed
0.351 WAIT_BEGIN id=16 z=18 x=231923 y=102287 parent=16/57980/25571 source=delayed pending=10
0.352 REQUEST id=17 z=18 x=231921 y=102291 parent=16/57980/25572 source=local
0.352 DELIVER id=17 z=18 x=231921 y=102291 parent=16/57980/25572 source=local pending=10
0.352 REQUEST id=18 z=18 x=231921 y=102287 parent=16/57980/25571 source=delayed
0.352 WAIT_BEGIN id=18 z=18 x=231921 y=102287 parent=16/57980/25571 source=delayed pending=11
0.353 REQUEST id=19 z=18 x=231922 y=102289 parent=16/57980/25572 source=local
0.353 DELIVER id=19 z=18 x=231922 y=102289 parent=16/57980/25572 source=local pending=11
0.354 REQUEST id=20 z=18 x=231922 y=102288 parent=16/57980/25572 source=local
0.354 DELIVER id=20 z=18 x=231922 y=102288 parent=16/57980/25572 source=local pending=11
0.354 REQUEST id=21 z=18 x=231922 y=102286 parent=16/57980/25571 source=delayed
0.354 WAIT_BEGIN id=21 z=18 x=231922 y=102286 parent=16/57980/25571 source=delayed pending=12
0.355 REQUEST id=22 z=18 x=231923 y=102288 parent=16/57980/25572 source=local
0.355 DELIVER id=22 z=18 x=231923 y=102288 parent=16/57980/25572 source=local pending=12
0.355 REQUEST id=23 z=18 x=231923 y=102289 parent=16/57980/25572 source=local
0.356 DELIVER id=23 z=18 x=231923 y=102289 parent=16/57980/25572 source=local pending=12
0.356 REQUEST id=24 z=18 x=231922 y=102290 parent=16/57980/25572 source=local
0.356 DELIVER id=24 z=18 x=231922 y=102290 parent=16/57980/25572 source=local pending=12
0.357 REQUEST id=25 z=18 x=231922 y=102291 parent=16/57980/25572 source=local
0.357 DELIVER id=25 z=18 x=231922 y=102291 parent=16/57980/25572 source=local pending=12
0.358 REQUEST id=26 z=18 x=231923 y=102290 parent=16/57980/25572 source=local
0.358 DELIVER id=26 z=18 x=231923 y=102290 parent=16/57980/25572 source=local pending=12
0.359 REQUEST id=27 z=18 x=231923 y=102291 parent=16/57980/25572 source=local
0.359 DELIVER id=27 z=18 x=231923 y=102291 parent=16/57980/25572 source=local pending=12
0.360 REQUEST id=28 z=18 x=231921 y=102292 parent=16/57980/25573 source=delayed
0.360 WAIT_BEGIN id=28 z=18 x=231921 y=102292 parent=16/57980/25573 source=delayed pending=13
0.360 REQUEST id=29 z=18 x=231921 y=102293 parent=16/57980/25573 source=delayed
0.360 WAIT_BEGIN id=29 z=18 x=231921 y=102293 parent=16/57980/25573 source=delayed pending=14
0.360 REQUEST id=30 z=18 x=231921 y=102294 parent=16/57980/25573 source=delayed
0.360 WAIT_BEGIN id=30 z=18 x=231921 y=102294 parent=16/57980/25573 source=delayed pending=15
0.361 REQUEST id=31 z=18 x=231922 y=102292 parent=16/57980/25573 source=delayed
0.361 WAIT_BEGIN id=31 z=18 x=231922 y=102292 parent=16/57980/25573 source=delayed pending=16
45.413 WAIT_END id=3 z=18 x=231921 y=102284 parent=16/57980/25571 source=delayed pending=15
45.413 DELIVER id=3 z=18 x=231921 y=102284 parent=16/57980/25571 source=delayed pending=15
45.413 WAIT_END id=4 z=18 x=231921 y=102285 parent=16/57980/25571 source=delayed pending=14
45.413 DELIVER id=4 z=18 x=231921 y=102285 parent=16/57980/25571 source=delayed pending=14
45.414 WAIT_END id=5 z=18 x=231923 y=102286 parent=16/57980/25571 source=delayed pending=13
45.414 DELIVER id=5 z=18 x=231923 y=102286 parent=16/57980/25571 source=delayed pending=13
45.414 WAIT_END id=6 z=18 x=231921 y=102286 parent=16/57980/25571 source=delayed pending=12
45.414 DELIVER id=6 z=18 x=231921 y=102286 parent=16/57980/25571 source=delayed pending=12
45.414 WAIT_END id=7 z=18 x=231923 y=102284 parent=16/57980/25571 source=delayed pending=11
45.414 DELIVER id=7 z=18 x=231923 y=102284 parent=16/57980/25571 source=delayed pending=11
45.414 WAIT_END id=9 z=18 x=231922 y=102285 parent=16/57980/25571 source=delayed pending=10
45.414 DELIVER id=9 z=18 x=231922 y=102285 parent=16/57980/25571 source=delayed pending=10
45.414 WAIT_END id=11 z=18 x=231922 y=102284 parent=16/57980/25571 source=delayed pending=9
45.414 DELIVER id=11 z=18 x=231922 y=102284 parent=16/57980/25571 source=delayed pending=9
45.414 WAIT_END id=13 z=18 x=231923 y=102285 parent=16/57980/25571 source=delayed pending=8
45.414 DELIVER id=13 z=18 x=231923 y=102285 parent=16/57980/25571 source=delayed pending=8
45.414 WAIT_END id=14 z=18 x=231922 y=102287 parent=16/57980/25571 source=delayed pending=7
45.414 DELIVER id=14 z=18 x=231922 y=102287 parent=16/57980/25571 source=delayed pending=7
45.414 WAIT_END id=16 z=18 x=231923 y=102287 parent=16/57980/25571 source=delayed pending=6
45.415 DELIVER id=16 z=18 x=231923 y=102287 parent=16/57980/25571 source=delayed pending=6
45.415 WAIT_END id=18 z=18 x=231921 y=102287 parent=16/57980/25571 source=delayed pending=5
45.415 DELIVER id=18 z=18 x=231921 y=102287 parent=16/57980/25571 source=delayed pending=5
45.415 WAIT_END id=21 z=18 x=231922 y=102286 parent=16/57980/25571 source=delayed pending=4
45.415 DELIVER id=21 z=18 x=231922 y=102286 parent=16/57980/25571 source=delayed pending=4
45.415 WAIT_END id=28 z=18 x=231921 y=102292 parent=16/57980/25573 source=delayed pending=3
45.415 DELIVER id=28 z=18 x=231921 y=102292 parent=16/57980/25573 source=delayed pending=3
45.415 WAIT_END id=29 z=18 x=231921 y=102293 parent=16/57980/25573 source=delayed pending=2
45.415 DELIVER id=29 z=18 x=231921 y=102293 parent=16/57980/25573 source=delayed pending=2
45.415 WAIT_END id=30 z=18 x=231921 y=102294 parent=16/57980/25573 source=delayed pending=1
45.415 DELIVER id=30 z=18 x=231921 y=102294 parent=16/57980/25573 source=delayed pending=1
45.415 WAIT_END id=31 z=18 x=231922 y=102292 parent=16/57980/25573 source=delayed pending=0
45.415 DELIVER id=31 z=18 x=231922 y=102292 parent=16/57980/25573 source=delayed pending=0
45.419 REQUEST id=32 z=18 x=231922 y=102293 parent=16/57980/25573 source=cache
45.419 DELIVER id=32 z=18 x=231922 y=102293 parent=16/57980/25573 source=cache pending=0
45.420 REQUEST id=33 z=18 x=231923 y=102292 parent=16/57980/25573 source=cache
45.420 DELIVER id=33 z=18 x=231923 y=102292 parent=16/57980/25573 source=cache pending=0
45.420 REQUEST id=34 z=18 x=231923 y=102293 parent=16/57980/25573 source=cache
45.420 DELIVER id=34 z=18 x=231923 y=102293 parent=16/57980/25573 source=cache pending=0
45.421 REQUEST id=35 z=18 x=231923 y=102294 parent=16/57980/25573 source=cache
45.421 DELIVER id=35 z=18 x=231923 y=102294 parent=16/57980/25573 source=cache pending=0
45.422 REQUEST id=36 z=18 x=231922 y=102294 parent=16/57980/25573 source=cache
45.422 DELIVER id=36 z=18 x=231922 y=102294 parent=16/57980/25573 source=cache pending=0
45.422 REQUEST id=37 z=18 x=231926 y=102283 parent=16/57981/25570 source=delayed
45.423 WAIT_BEGIN id=37 z=18 x=231926 y=102283 parent=16/57981/25570 source=delayed pending=1
45.425 REQUEST id=38 z=18 x=231924 y=102284 parent=16/57981/25571 source=local
45.425 DELIVER id=38 z=18 x=231924 y=102284 parent=16/57981/25571 source=local pending=1
45.425 REQUEST id=39 z=18 x=231924 y=102283 parent=16/57981/25570 source=delayed
45.425 WAIT_BEGIN id=39 z=18 x=231924 y=102283 parent=16/57981/25570 source=delayed pending=2
45.426 REQUEST id=40 z=18 x=231925 y=102285 parent=16/57981/25571 source=local
45.426 DELIVER id=40 z=18 x=231925 y=102285 parent=16/57981/25571 source=local pending=2
45.427 REQUEST id=41 z=18 x=231925 y=102283 parent=16/57981/25570 source=delayed
45.427 WAIT_BEGIN id=41 z=18 x=231925 y=102283 parent=16/57981/25570 source=delayed pending=3
45.428 REQUEST id=42 z=18 x=231925 y=102284 parent=16/57981/25571 source=local
45.428 DELIVER id=42 z=18 x=231925 y=102284 parent=16/57981/25571 source=local pending=3
45.429 REQUEST id=43 z=18 x=231924 y=102285 parent=16/57981/25571 source=local
45.429 DELIVER id=43 z=18 x=231924 y=102285 parent=16/57981/25571 source=local pending=3
45.430 REQUEST id=44 z=18 x=231924 y=102286 parent=16/57981/25571 source=local
45.430 DELIVER id=44 z=18 x=231924 y=102286 parent=16/57981/25571 source=local pending=3
45.431 REQUEST id=45 z=18 x=231924 y=102287 parent=16/57981/25571 source=local
45.431 DELIVER id=45 z=18 x=231924 y=102287 parent=16/57981/25571 source=local pending=3
45.432 REQUEST id=46 z=18 x=231925 y=102286 parent=16/57981/25571 source=local
45.432 DELIVER id=46 z=18 x=231925 y=102286 parent=16/57981/25571 source=local pending=3
45.433 REQUEST id=47 z=18 x=231925 y=102287 parent=16/57981/25571 source=local
45.433 DELIVER id=47 z=18 x=231925 y=102287 parent=16/57981/25571 source=local pending=3
45.434 REQUEST id=48 z=18 x=231926 y=102284 parent=16/57981/25571 source=local
45.434 DELIVER id=48 z=18 x=231926 y=102284 parent=16/57981/25571 source=local pending=3
45.435 REQUEST id=49 z=18 x=231926 y=102285 parent=16/57981/25571 source=local
45.435 DELIVER id=49 z=18 x=231926 y=102285 parent=16/57981/25571 source=local pending=3
45.436 REQUEST id=50 z=18 x=231927 y=102285 parent=16/57981/25571 source=local
45.436 DELIVER id=50 z=18 x=231927 y=102285 parent=16/57981/25571 source=local pending=3
45.438 REQUEST id=51 z=18 x=231926 y=102287 parent=16/57981/25571 source=local
45.438 DELIVER id=51 z=18 x=231926 y=102287 parent=16/57981/25571 source=local pending=3
45.439 REQUEST id=52 z=18 x=231927 y=102286 parent=16/57981/25571 source=local
45.439 DELIVER id=52 z=18 x=231927 y=102286 parent=16/57981/25571 source=local pending=3
45.439 REQUEST id=53 z=18 x=231927 y=102283 parent=16/57981/25570 source=delayed
45.439 WAIT_BEGIN id=53 z=18 x=231927 y=102283 parent=16/57981/25570 source=delayed pending=4
45.440 REQUEST id=54 z=18 x=231927 y=102284 parent=16/57981/25571 source=local
45.440 DELIVER id=54 z=18 x=231927 y=102284 parent=16/57981/25571 source=local pending=4
45.441 REQUEST id=55 z=18 x=231927 y=102287 parent=16/57981/25571 source=local
45.441 DELIVER id=55 z=18 x=231927 y=102287 parent=16/57981/25571 source=local pending=4
45.441 REQUEST id=56 z=18 x=231924 y=102289 parent=16/57981/25572 source=delayed
45.441 WAIT_BEGIN id=56 z=18 x=231924 y=102289 parent=16/57981/25572 source=delayed pending=5
45.442 REQUEST id=57 z=18 x=231924 y=102288 parent=16/57981/25572 source=delayed
45.442 WAIT_BEGIN id=57 z=18 x=231924 y=102288 parent=16/57981/25572 source=delayed pending=6
45.442 REQUEST id=58 z=18 x=231925 y=102288 parent=16/57981/25572 source=delayed
45.442 WAIT_BEGIN id=58 z=18 x=231925 y=102288 parent=16/57981/25572 source=delayed pending=7
45.442 REQUEST id=59 z=18 x=231925 y=102289 parent=16/57981/25572 source=delayed
45.442 WAIT_BEGIN id=59 z=18 x=231925 y=102289 parent=16/57981/25572 source=delayed pending=8
45.443 REQUEST id=60 z=18 x=231924 y=102291 parent=16/57981/25572 source=delayed
45.443 WAIT_BEGIN id=60 z=18 x=231924 y=102291 parent=16/57981/25572 source=delayed pending=9
45.444 REQUEST id=61 z=18 x=231926 y=102286 parent=16/57981/25571 source=local
45.444 DELIVER id=61 z=18 x=231926 y=102286 parent=16/57981/25571 source=local pending=9
45.444 REQUEST id=62 z=18 x=231924 y=102290 parent=16/57981/25572 source=delayed
45.444 WAIT_BEGIN id=62 z=18 x=231924 y=102290 parent=16/57981/25572 source=delayed pending=10
45.444 REQUEST id=63 z=18 x=231926 y=102288 parent=16/57981/25572 source=delayed
45.444 WAIT_BEGIN id=63 z=18 x=231926 y=102288 parent=16/57981/25572 source=delayed pending=11
45.445 REQUEST id=64 z=18 x=231926 y=102289 parent=16/57981/25572 source=delayed
45.445 WAIT_BEGIN id=64 z=18 x=231926 y=102289 parent=16/57981/25572 source=delayed pending=12
45.445 REQUEST id=65 z=18 x=231925 y=102291 parent=16/57981/25572 source=delayed
45.445 WAIT_BEGIN id=65 z=18 x=231925 y=102291 parent=16/57981/25572 source=delayed pending=13
45.446 REQUEST id=66 z=18 x=231925 y=102290 parent=16/57981/25572 source=delayed
45.446 WAIT_BEGIN id=66 z=18 x=231925 y=102290 parent=16/57981/25572 source=delayed pending=14
45.446 REQUEST id=67 z=18 x=231927 y=102288 parent=16/57981/25572 source=delayed
45.446 WAIT_BEGIN id=67 z=18 x=231927 y=102288 parent=16/57981/25572 source=delayed pending=15
45.447 REQUEST id=68 z=18 x=231927 y=102289 parent=16/57981/25572 source=delayed
45.447 WAIT_BEGIN id=68 z=18 x=231927 y=102289 parent=16/57981/25572 source=delayed pending=16
