0.002 START scenario=immediate sdk=10.15.0 ios=26.5
0.029 READY tileSize=256 sourceZoom=16 cameraZoom=16
0.074 VIEW width=402.0 height=710.0 scale=3.0
0.134 REQUEST id=1 z=18 x=231921 y=102283 parent=16/57980/25570 source=local
0.134 DELIVER id=1 z=18 x=231921 y=102283 parent=16/57980/25570 source=local pending=0
0.135 REQUEST id=2 z=18 x=231922 y=102283 parent=16/57980/25570 source=local
0.135 DELIVER id=2 z=18 x=231922 y=102283 parent=16/57980/25570 source=local pending=0
0.135 REQUEST id=3 z=18 x=231923 y=102283 parent=16/57980/25570 source=local
0.135 DELIVER id=3 z=18 x=231923 y=102283 parent=16/57980/25570 source=local pending=0
0.135 REQUEST id=4 z=18 x=231921 y=102286 parent=16/57980/25571 source=delayed
0.135 DELIVER id=4 z=18 x=231921 y=102286 parent=16/57980/25571 source=delayed pending=0
0.136 REQUEST id=5 z=18 x=231921 y=102289 parent=16/57980/25572 source=local
0.136 DELIVER id=5 z=18 x=231921 y=102289 parent=16/57980/25572 source=local pending=0
0.136 REQUEST id=6 z=18 x=231921 y=102285 parent=16/57980/25571 source=cache
0.136 DELIVER id=6 z=18 x=231921 y=102285 parent=16/57980/25571 source=cache pending=0
0.137 REQUEST id=7 z=18 x=231922 y=102284 parent=16/57980/25571 source=cache
0.137 DELIVER id=7 z=18 x=231922 y=102284 parent=16/57980/25571 source=cache pending=0
0.137 REQUEST id=8 z=18 x=231921 y=102290 parent=16/57980/25572 source=local
0.137 DELIVER id=8 z=18 x=231921 y=102290 parent=16/57980/25572 source=local pending=0
0.137 REQUEST id=9 z=18 x=231921 y=102287 parent=16/57980/25571 source=cache
0.137 DELIVER id=9 z=18 x=231921 y=102287 parent=16/57980/25571 source=cache pending=0
0.138 REQUEST id=10 z=18 x=231923 y=102286 parent=16/57980/25571 source=cache
0.138 DELIVER id=10 z=18 x=231923 y=102286 parent=16/57980/25571 source=cache pending=0
0.138 REQUEST id=11 z=18 x=231921 y=102288 parent=16/57980/25572 source=local
0.138 DELIVER id=11 z=18 x=231921 y=102288 parent=16/57980/25572 source=local pending=0
0.138 REQUEST id=12 z=18 x=231922 y=102288 parent=16/57980/25572 source=local
0.138 DELIVER id=12 z=18 x=231922 y=102288 parent=16/57980/25572 source=local pending=0
0.139 REQUEST id=13 z=18 x=231923 y=102288 parent=16/57980/25572 source=local
0.139 DELIVER id=13 z=18 x=231923 y=102288 parent=16/57980/25572 source=local pending=0
0.139 REQUEST id=14 z=18 x=231923 y=102289 parent=16/57980/25572 source=local
0.139 DELIVER id=14 z=18 x=231923 y=102289 parent=16/57980/25572 source=local pending=0
0.139 REQUEST id=15 z=18 x=231922 y=102289 parent=16/57980/25572 source=local
0.139 DELIVER id=15 z=18 x=231922 y=102289 parent=16/57980/25572 source=local pending=0
0.140 REQUEST id=16 z=18 x=231922 y=102290 parent=16/57980/25572 source=local
0.140 DELIVER id=16 z=18 x=231922 y=102290 parent=16/57980/25572 source=local pending=0
0.140 REQUEST id=17 z=18 x=231921 y=102291 parent=16/57980/25572 source=local
0.140 DELIVER id=17 z=18 x=231921 y=102291 parent=16/57980/25572 source=local pending=0
0.140 REQUEST id=18 z=18 x=231923 y=102285 parent=16/57980/25571 source=cache
0.140 DELIVER id=18 z=18 x=231923 y=102285 parent=16/57980/25571 source=cache pending=0
0.140 REQUEST id=19 z=18 x=231922 y=102291 parent=16/57980/25572 source=local
0.140 DELIVER id=19 z=18 x=231922 y=102291 parent=16/57980/25572 source=local pending=0
0.141 REQUEST id=20 z=18 x=231923 y=102290 parent=16/57980/25572 source=local
0.141 DELIVER id=20 z=18 x=231923 y=102290 parent=16/57980/25572 source=local pending=0
0.141 REQUEST id=21 z=18 x=231921 y=102292 parent=16/57980/25573 source=delayed
0.141 DELIVER id=21 z=18 x=231921 y=102292 parent=16/57980/25573 source=delayed pending=0
0.142 REQUEST id=22 z=18 x=231923 y=102291 parent=16/57980/25572 source=local
0.142 DELIVER id=22 z=18 x=231923 y=102291 parent=16/57980/25572 source=local pending=0
0.142 REQUEST id=23 z=18 x=231922 y=102292 parent=16/57980/25573 source=cache
0.142 DELIVER id=23 z=18 x=231922 y=102292 parent=16/57980/25573 source=cache pending=0
0.142 REQUEST id=24 z=18 x=231922 y=102287 parent=16/57980/25571 source=cache
0.142 DELIVER id=24 z=18 x=231922 y=102287 parent=16/57980/25571 source=cache pending=0
0.143 REQUEST id=25 z=18 x=231923 y=102292 parent=16/57980/25573 source=cache
0.143 DELIVER id=25 z=18 x=231923 y=102292 parent=16/57980/25573 source=cache pending=0
0.143 REQUEST id=26 z=18 x=231923 y=102293 parent=16/57980/25573 source=cache
0.143 DELIVER id=26 z=18 x=231923 y=102293 parent=16/57980/25573 source=cache pending=0
0.143 REQUEST id=27 z=18 x=231922 y=102286 parent=16/57980/25571 source=cache
0.143 DELIVER id=27 z=18 x=231922 y=102286 parent=16/57980/25571 source=cache pending=0
0.143 REQUEST id=28 z=18 x=231922 y=102294 parent=16/57980/25573 source=cache
0.143 DELIVER id=28 z=18 x=231922 y=102294 parent=16/57980/25573 source=cache pending=0
0.144 REQUEST id=29 z=18 x=231921 y=102294 parent=16/57980/25573 source=cache
0.144 DELIVER id=29 z=18 x=231921 y=102294 parent=16/57980/25573 source=cache pending=0
0.144 REQUEST id=30 z=18 x=231923 y=102294 parent=16/57980/25573 source=cache
0.144 DELIVER id=30 z=18 x=231923 y=102294 parent=16/57980/25573 source=cache pending=0
0.144 REQUEST id=31 z=18 x=231923 y=102287 parent=16/57980/25571 source=cache
0.144 DELIVER id=31 z=18 x=231923 y=102287 parent=16/57980/25571 source=cache pending=0
0.145 REQUEST id=32 z=18 x=231926 y=102283 parent=16/57981/25570 source=delayed
0.145 DELIVER id=32 z=18 x=231926 y=102283 parent=16/57981/25570 source=delayed pending=0
0.145 REQUEST id=33 z=18 x=231921 y=102284 parent=16/57980/25571 source=cache
0.145 DELIVER id=33 z=18 x=231921 y=102284 parent=16/57980/25571 source=cache pending=0
0.145 REQUEST id=34 z=18 x=231923 y=102284 parent=16/57980/25571 source=cache
0.145 DELIVER id=34 z=18 x=231923 y=102284 parent=16/57980/25571 source=cache pending=0
0.145 REQUEST id=35 z=18 x=231924 y=102284 parent=16/57981/25571 source=local
0.145 DELIVER id=35 z=18 x=231924 y=102284 parent=16/57981/25571 source=local pending=0
0.146 REQUEST id=36 z=18 x=231925 y=102284 parent=16/57981/25571 source=local
0.146 DELIVER id=36 z=18 x=231925 y=102284 parent=16/57981/25571 source=local pending=0
0.146 REQUEST id=37 z=18 x=231924 y=102286 parent=16/57981/25571 source=local
0.146 DELIVER id=37 z=18 x=231924 y=102286 parent=16/57981/25571 source=local pending=0
0.146 REQUEST id=38 z=18 x=231922 y=102285 parent=16/57980/25571 source=cache
0.146 DELIVER id=38 z=18 x=231922 y=102285 parent=16/57980/25571 source=cache pending=0
0.147 REQUEST id=39 z=18 x=231925 y=102286 parent=16/57981/25571 source=local
0.147 DELIVER id=39 z=18 x=231925 y=102286 parent=16/57981/25571 source=local pending=0
0.147 REQUEST id=40 z=18 x=231925 y=102283 parent=16/57981/25570 source=cache
0.147 DELIVER id=40 z=18 x=231925 y=102283 parent=16/57981/25570 source=cache pending=0
0.147 REQUEST id=41 z=18 x=231922 y=102293 parent=16/57980/25573 source=cache
0.147 DELIVER id=41 z=18 x=231922 y=102293 parent=16/57980/25573 source=cache pending=0
0.148 REQUEST id=42 z=18 x=231926 y=102284 parent=16/57981/25571 source=local
0.148 DELIVER id=42 z=18 x=231926 y=102284 parent=16/57981/25571 source=local pending=0
0.148 REQUEST id=43 z=18 x=231927 y=102284 parent=16/57981/25571 source=local
0.148 DELIVER id=43 z=18 x=231927 y=102284 parent=16/57981/25571 source=local pending=0
0.149 REQUEST id=44 z=18 x=231925 y=102287 parent=16/57981/25571 source=local
0.149 DELIVER id=44 z=18 x=231925 y=102287 parent=16/57981/25571 source=local pending=0
0.149 REQUEST id=45 z=18 x=231926 y=102286 parent=16/57981/25571 source=local
0.149 DELIVER id=45 z=18 x=231926 y=102286 parent=16/57981/25571 source=local pending=0
0.150 REQUEST id=46 z=18 x=231927 y=102287 parent=16/57981/25571 source=local
0.150 DELIVER id=46 z=18 x=231927 y=102287 parent=16/57981/25571 source=local pending=0
0.150 REQUEST id=47 z=18 x=231926 y=102285 parent=16/57981/25571 source=local
0.150 DELIVER id=47 z=18 x=231926 y=102285 parent=16/57981/25571 source=local pending=0
0.150 REQUEST id=48 z=18 x=231924 y=102288 parent=16/57981/25572 source=delayed
0.150 DELIVER id=48 z=18 x=231924 y=102288 parent=16/57981/25572 source=delayed pending=0
0.150 REQUEST id=49 z=18 x=231924 y=102289 parent=16/57981/25572 source=cache
0.150 DELIVER id=49 z=18 x=231924 y=102289 parent=16/57981/25572 source=cache pending=0
0.151 REQUEST id=50 z=18 x=231927 y=102285 parent=16/57981/25571 source=local
0.151 DELIVER id=50 z=18 x=231927 y=102285 parent=16/57981/25571 source=local pending=0
0.151 REQUEST id=51 z=18 x=231924 y=102283 parent=16/57981/25570 source=cache
0.151 DELIVER id=51 z=18 x=231924 y=102283 parent=16/57981/25570 source=cache pending=0
0.151 REQUEST id=52 z=18 x=231926 y=102287 parent=16/57981/25571 source=local
0.151 DELIVER id=52 z=18 x=231926 y=102287 parent=16/57981/25571 source=local pending=0
0.152 REQUEST id=53 z=18 x=231924 y=102285 parent=16/57981/25571 source=local
0.152 DELIVER id=53 z=18 x=231924 y=102285 parent=16/57981/25571 source=local pending=0
0.152 REQUEST id=54 z=18 x=231924 y=102287 parent=16/57981/25571 source=local
0.152 DELIVER id=54 z=18 x=231924 y=102287 parent=16/57981/25571 source=local pending=0
0.153 REQUEST id=55 z=18 x=231925 y=102285 parent=16/57981/25571 source=local
0.153 DELIVER id=55 z=18 x=231925 y=102285 parent=16/57981/25571 source=local pending=0
0.154 REQUEST id=56 z=18 x=231927 y=102283 parent=16/57981/25570 source=cache
0.154 DELIVER id=56 z=18 x=231927 y=102283 parent=16/57981/25570 source=cache pending=0
0.154 REQUEST id=57 z=18 x=231925 y=102291 parent=16/57981/25572 source=cache
0.154 DELIVER id=57 z=18 x=231925 y=102291 parent=16/57981/25572 source=cache pending=0
0.155 REQUEST id=58 z=18 x=231925 y=102289 parent=16/57981/25572 source=cache
0.155 DELIVER id=58 z=18 x=231925 y=102289 parent=16/57981/25572 source=cache pending=0
0.155 REQUEST id=59 z=18 x=231921 y=102293 parent=16/57980/25573 source=cache
0.155 DELIVER id=59 z=18 x=231921 y=102293 parent=16/57980/25573 source=cache pending=0
0.155 REQUEST id=60 z=18 x=231926 y=102288 parent=16/57981/25572 source=cache
0.155 DELIVER id=60 z=18 x=231926 y=102288 parent=16/57981/25572 source=cache pending=0
0.155 REQUEST id=61 z=18 x=231927 y=102288 parent=16/57981/25572 source=cache
0.156 DELIVER id=61 z=18 x=231927 y=102288 parent=16/57981/25572 source=cache pending=0
0.156 REQUEST id=62 z=18 x=231924 y=102291 parent=16/57981/25572 source=cache
0.156 DELIVER id=62 z=18 x=231924 y=102291 parent=16/57981/25572 source=cache pending=0
0.156 REQUEST id=63 z=18 x=231927 y=102289 parent=16/57981/25572 source=cache
0.156 DELIVER id=63 z=18 x=231927 y=102289 parent=16/57981/25572 source=cache pending=0
0.156 REQUEST id=64 z=18 x=231926 y=102290 parent=16/57981/25572 source=cache
0.156 DELIVER id=64 z=18 x=231926 y=102290 parent=16/57981/25572 source=cache pending=0
0.157 REQUEST id=65 z=18 x=231926 y=102289 parent=16/57981/25572 source=cache
0.157 DELIVER id=65 z=18 x=231926 y=102289 parent=16/57981/25572 source=cache pending=0
0.158 REQUEST id=66 z=18 x=231924 y=102292 parent=16/57981/25573 source=local
0.158 DELIVER id=66 z=18 x=231924 y=102292 parent=16/57981/25573 source=local pending=0
0.160 REQUEST id=67 z=18 x=231924 y=102293 parent=16/57981/25573 source=local
0.160 DELIVER id=67 z=18 x=231924 y=102293 parent=16/57981/25573 source=local pending=0
0.161 REQUEST id=68 z=18 x=231925 y=102293 parent=16/57981/25573 source=local
0.161 DELIVER id=68 z=18 x=231925 y=102293 parent=16/57981/25573 source=local pending=0
0.162 REQUEST id=69 z=18 x=231925 y=102288 parent=16/57981/25572 source=cache
0.162 DELIVER id=69 z=18 x=231925 y=102288 parent=16/57981/25572 source=cache pending=0
0.163 REQUEST id=70 z=18 x=231927 y=102286 parent=16/57981/25571 source=local
0.163 DELIVER id=70 z=18 x=231927 y=102286 parent=16/57981/25571 source=local pending=0
0.163 REQUEST id=71 z=18 x=231925 y=102294 parent=16/57981/25573 source=local
0.163 DELIVER id=71 z=18 x=231925 y=102294 parent=16/57981/25573 source=local pending=0
0.165 REQUEST id=72 z=18 x=231927 y=102293 parent=16/57981/25573 source=local
0.165 DELIVER id=72 z=18 x=231927 y=102293 parent=16/57981/25573 source=local pending=0
0.166 REQUEST id=73 z=18 x=231927 y=102291 parent=16/57981/25572 source=cache
0.166 DELIVER id=73 z=18 x=231927 y=102291 parent=16/57981/25572 source=cache pending=0
0.166 REQUEST id=74 z=18 x=231926 y=102291 parent=16/57981/25572 source=cache
0.166 DELIVER id=74 z=18 x=231926 y=102291 parent=16/57981/25572 source=cache pending=0
0.168 REQUEST id=75 z=18 x=231924 y=102294 parent=16/57981/25573 source=local
0.168 DELIVER id=75 z=18 x=231924 y=102294 parent=16/57981/25573 source=local pending=0
0.169 REQUEST id=76 z=18 x=231926 y=102292 parent=16/57981/25573 source=local
0.169 DELIVER id=76 z=18 x=231926 y=102292 parent=16/57981/25573 source=local pending=0
0.172 REQUEST id=77 z=18 x=231927 y=102292 parent=16/57981/25573 source=local
0.172 DELIVER id=77 z=18 x=231927 y=102292 parent=16/57981/25573 source=local pending=0
0.173 REQUEST id=78 z=18 x=231926 y=102293 parent=16/57981/25573 source=local
0.174 DELIVER id=78 z=18 x=231926 y=102293 parent=16/57981/25573 source=local pending=0
0.176 REQUEST id=79 z=18 x=231927 y=102294 parent=16/57981/25573 source=local
0.176 DELIVER id=79 z=18 x=231927 y=102294 parent=16/57981/25573 source=local pending=0
0.180 REQUEST id=80 z=18 x=231926 y=102294 parent=16/57981/25573 source=local
0.180 DELIVER id=80 z=18 x=231926 y=102294 parent=16/57981/25573 source=local pending=0
0.181 REQUEST id=81 z=18 x=231927 y=102290 parent=16/57981/25572 source=cache
0.181 DELIVER id=81 z=18 x=231927 y=102290 parent=16/57981/25572 source=cache pending=0
0.181 REQUEST id=82 z=18 x=231925 y=102292 parent=16/57981/25573 source=local
0.181 DELIVER id=82 z=18 x=231925 y=102292 parent=16/57981/25573 source=local pending=0
0.182 REQUEST id=83 z=18 x=231925 y=102290 parent=16/57981/25572 source=cache
0.182 DELIVER id=83 z=18 x=231925 y=102290 parent=16/57981/25572 source=cache pending=0
0.182 REQUEST id=84 z=18 x=231924 y=102290 parent=16/57981/25572 source=cache
0.182 DELIVER id=84 z=18 x=231924 y=102290 parent=16/57981/25572 source=cache pending=0
