0.004 START scenario=mixed sdk=10.15.0 ios=26.5
0.044 READY tileSize=256 sourceZoom=16 cameraZoom=16
0.165 VIEW width=402.0 height=710.0 scale=3.0
0.215 REQUEST id=1 z=18 x=231921 y=102283 parent=16/57980/25570 source=local
0.215 DELIVER id=1 z=18 x=231921 y=102283 parent=16/57980/25570 source=local pending=0
0.215 REQUEST id=2 z=18 x=231922 y=102283 parent=16/57980/25570 source=local
0.215 DELIVER id=2 z=18 x=231922 y=102283 parent=16/57980/25570 source=local pending=0
0.215 REQUEST id=3 z=18 x=231923 y=102283 parent=16/57980/25570 source=local
0.215 DELIVER id=3 z=18 x=231923 y=102283 parent=16/57980/25570 source=local pending=0
0.216 REQUEST id=4 z=18 x=231923 y=102284 parent=16/57980/25571 source=delayed
0.216 WAIT_BEGIN id=4 z=18 x=231923 y=102284 parent=16/57980/25571 source=delayed pending=1
0.216 REQUEST id=5 z=18 x=231922 y=102285 parent=16/57980/25571 source=delayed
0.216 WAIT_BEGIN id=5 z=18 x=231922 y=102285 parent=16/57980/25571 source=delayed pending=2
0.216 REQUEST id=6 z=18 x=231923 y=102285 parent=16/57980/25571 source=delayed
0.216 WAIT_BEGIN id=6 z=18 x=231923 y=102285 parent=16/57980/25571 source=delayed pending=3
0.216 REQUEST id=7 z=18 x=231921 y=102284 parent=16/57980/25571 source=delayed
0.216 WAIT_BEGIN id=7 z=18 x=231921 y=102284 parent=16/57980/25571 source=delayed pending=4
0.216 REQUEST id=8 z=18 x=231923 y=102287 parent=16/57980/25571 source=delayed
0.216 WAIT_BEGIN id=8 z=18 x=231923 y=102287 parent=16/57980/25571 source=delayed pending=5
0.217 REQUEST id=9 z=18 x=231922 y=102286 parent=16/57980/25571 source=delayed
0.217 WAIT_BEGIN id=9 z=18 x=231922 y=102286 parent=16/57980/25571 source=delayed pending=6
0.217 REQUEST id=10 z=18 x=231922 y=102284 parent=16/57980/25571 source=delayed
0.217 WAIT_BEGIN id=10 z=18 x=231922 y=102284 parent=16/57980/25571 source=delayed pending=7
0.217 REQUEST id=11 z=18 x=231923 y=102286 parent=16/57980/25571 source=delayed
0.217 WAIT_BEGIN id=11 z=18 x=231923 y=102286 parent=16/57980/25571 source=delayed pending=8
0.217 REQUEST id=12 z=18 x=231921 y=102290 parent=16/57980/25572 source=local
0.217 DELIVER id=12 z=18 x=231921 y=102290 parent=16/57980/25572 source=local pending=8
0.217 REQUEST id=13 z=18 x=231921 y=102287 parent=16/57980/25571 source=delayed
0.217 WAIT_BEGIN id=13 z=18 x=231921 y=102287 parent=16/57980/25571 source=delayed pending=9
0.218 REQUEST id=14 z=18 x=231921 y=102289 parent=16/57980/25572 source=local
0.218 DELIVER id=14 z=18 x=231921 y=102289 parent=16/57980/25572 source=local pending=9
0.218 REQUEST id=15 z=18 x=231921 y=102288 parent=16/57980/25572 source=local
0.218 DELIVER id=15 z=18 x=231921 y=102288 parent=16/57980/25572 source=local pending=9
0.218 REQUEST id=16 z=18 x=231921 y=102286 parent=16/57980/25571 source=delayed
0.218 WAIT_BEGIN id=16 z=18 x=231921 y=102286 parent=16/57980/25571 source=delayed pending=10
0.218 REQUEST id=17 z=18 x=231921 y=102291 parent=16/57980/25572 source=local
0.218 DELIVER id=17 z=18 x=231921 y=102291 parent=16/57980/25572 source=local pending=10
0.218 REQUEST id=18 z=18 x=231922 y=102287 parent=16/57980/25571 source=delayed
0.218 WAIT_BEGIN id=18 z=18 x=231922 y=102287 parent=16/57980/25571 source=delayed pending=11
0.219 REQUEST id=19 z=18 x=231923 y=102288 parent=16/57980/25572 source=local
0.219 DELIVER id=19 z=18 x=231923 y=102288 parent=16/57980/25572 source=local pending=11
0.220 REQUEST id=20 z=18 x=231922 y=102289 parent=16/57980/25572 source=local
0.220 DELIVER id=20 z=18 x=231922 y=102289 parent=16/57980/25572 source=local pending=11
0.220 REQUEST id=21 z=18 x=231922 y=102288 parent=16/57980/25572 source=local
0.220 DELIVER id=21 z=18 x=231922 y=102288 parent=16/57980/25572 source=local pending=11
0.220 REQUEST id=22 z=18 x=231921 y=102285 parent=16/57980/25571 source=delayed
0.220 WAIT_BEGIN id=22 z=18 x=231921 y=102285 parent=16/57980/25571 source=delayed pending=12
0.221 REQUEST id=23 z=18 x=231922 y=102290 parent=16/57980/25572 source=local
0.221 DELIVER id=23 z=18 x=231922 y=102290 parent=16/57980/25572 source=local pending=12
0.221 REQUEST id=24 z=18 x=231923 y=102289 parent=16/57980/25572 source=local
0.221 DELIVER id=24 z=18 x=231923 y=102289 parent=16/57980/25572 source=local pending=12
0.221 REQUEST id=25 z=18 x=231922 y=102291 parent=16/57980/25572 source=local
0.221 DELIVER id=25 z=18 x=231922 y=102291 parent=16/57980/25572 source=local pending=12
0.222 REQUEST id=26 z=18 x=231923 y=102290 parent=16/57980/25572 source=local
0.222 DELIVER id=26 z=18 x=231923 y=102290 parent=16/57980/25572 source=local pending=12
0.222 REQUEST id=27 z=18 x=231921 y=102292 parent=16/57980/25573 source=delayed
0.223 WAIT_BEGIN id=27 z=18 x=231921 y=102292 parent=16/57980/25573 source=delayed pending=13
0.223 REQUEST id=28 z=18 x=231923 y=102291 parent=16/57980/25572 source=local
0.223 DELIVER id=28 z=18 x=231923 y=102291 parent=16/57980/25572 source=local pending=13
0.223 REQUEST id=29 z=18 x=231921 y=102293 parent=16/57980/25573 source=delayed
0.223 WAIT_BEGIN id=29 z=18 x=231921 y=102293 parent=16/57980/25573 source=delayed pending=14
0.223 REQUEST id=30 z=18 x=231921 y=102294 parent=16/57980/25573 source=delayed
0.223 WAIT_BEGIN id=30 z=18 x=231921 y=102294 parent=16/57980/25573 source=delayed pending=15
0.223 REQUEST id=31 z=18 x=231922 y=102292 parent=16/57980/25573 source=delayed
0.223 WAIT_BEGIN id=31 z=18 x=231922 y=102292 parent=16/57980/25573 source=delayed pending=16
45.681 WAIT_END id=4 z=18 x=231923 y=102284 parent=16/57980/25571 source=delayed pending=15
45.682 DELIVER id=4 z=18 x=231923 y=102284 parent=16/57980/25571 source=delayed pending=15
45.682 WAIT_END id=5 z=18 x=231922 y=102285 parent=16/57980/25571 source=delayed pending=14
45.683 DELIVER id=5 z=18 x=231922 y=102285 parent=16/57980/25571 source=delayed pending=14
45.683 WAIT_END id=6 z=18 x=231923 y=102285 parent=16/57980/25571 source=delayed pending=13
45.683 DELIVER id=6 z=18 x=231923 y=102285 parent=16/57980/25571 source=delayed pending=13
45.683 WAIT_END id=7 z=18 x=231921 y=102284 parent=16/57980/25571 source=delayed pending=12
45.683 DELIVER id=7 z=18 x=231921 y=102284 parent=16/57980/25571 source=delayed pending=12
45.683 WAIT_END id=8 z=18 x=231923 y=102287 parent=16/57980/25571 source=delayed pending=11
45.683 DELIVER id=8 z=18 x=231923 y=102287 parent=16/57980/25571 source=delayed pending=11
45.683 WAIT_END id=9 z=18 x=231922 y=102286 parent=16/57980/25571 source=delayed pending=10
45.683 DELIVER id=9 z=18 x=231922 y=102286 parent=16/57980/25571 source=delayed pending=10
45.683 WAIT_END id=10 z=18 x=231922 y=102284 parent=16/57980/25571 source=delayed pending=9
45.683 DELIVER id=10 z=18 x=231922 y=102284 parent=16/57980/25571 source=delayed pending=9
45.683 WAIT_END id=11 z=18 x=231923 y=102286 parent=16/57980/25571 source=delayed pending=8
45.683 DELIVER id=11 z=18 x=231923 y=102286 parent=16/57980/25571 source=delayed pending=8
45.683 WAIT_END id=13 z=18 x=231921 y=102287 parent=16/57980/25571 source=delayed pending=7
45.683 DELIVER id=13 z=18 x=231921 y=102287 parent=16/57980/25571 source=delayed pending=7
45.683 WAIT_END id=16 z=18 x=231921 y=102286 parent=16/57980/25571 source=delayed pending=6
45.683 DELIVER id=16 z=18 x=231921 y=102286 parent=16/57980/25571 source=delayed pending=6
45.683 WAIT_END id=18 z=18 x=231922 y=102287 parent=16/57980/25571 source=delayed pending=5
45.683 DELIVER id=18 z=18 x=231922 y=102287 parent=16/57980/25571 source=delayed pending=5
45.683 WAIT_END id=22 z=18 x=231921 y=102285 parent=16/57980/25571 source=delayed pending=4
45.683 DELIVER id=22 z=18 x=231921 y=102285 parent=16/57980/25571 source=delayed pending=4
45.683 WAIT_END id=27 z=18 x=231921 y=102292 parent=16/57980/25573 source=delayed pending=3
45.683 DELIVER id=27 z=18 x=231921 y=102292 parent=16/57980/25573 source=delayed pending=3
45.683 WAIT_END id=29 z=18 x=231921 y=102293 parent=16/57980/25573 source=delayed pending=2
45.683 DELIVER id=29 z=18 x=231921 y=102293 parent=16/57980/25573 source=delayed pending=2
45.683 WAIT_END id=30 z=18 x=231921 y=102294 parent=16/57980/25573 source=delayed pending=1
45.683 DELIVER id=30 z=18 x=231921 y=102294 parent=16/57980/25573 source=delayed pending=1
45.683 WAIT_END id=31 z=18 x=231922 y=102292 parent=16/57980/25573 source=delayed pending=0
45.683 DELIVER id=31 z=18 x=231922 y=102292 parent=16/57980/25573 source=delayed pending=0
45.685 REQUEST id=32 z=18 x=231922 y=102293 parent=16/57980/25573 source=cache
45.685 DELIVER id=32 z=18 x=231922 y=102293 parent=16/57980/25573 source=cache pending=0
45.688 REQUEST id=33 z=18 x=231922 y=102294 parent=16/57980/25573 source=cache
45.688 DELIVER id=33 z=18 x=231922 y=102294 parent=16/57980/25573 source=cache pending=0
45.689 REQUEST id=34 z=18 x=231924 y=102283 parent=16/57981/25570 source=delayed
45.689 WAIT_BEGIN id=34 z=18 x=231924 y=102283 parent=16/57981/25570 source=delayed pending=1
45.689 REQUEST id=35 z=18 x=231926 y=102283 parent=16/57981/25570 source=delayed
45.689 WAIT_BEGIN id=35 z=18 x=231926 y=102283 parent=16/57981/25570 source=delayed pending=2
45.692 REQUEST id=36 z=18 x=231924 y=102285 parent=16/57981/25571 source=local
45.692 DELIVER id=36 z=18 x=231924 y=102285 parent=16/57981/25571 source=local pending=2
45.693 REQUEST id=37 z=18 x=231923 y=102294 parent=16/57980/25573 source=cache
45.693 DELIVER id=37 z=18 x=231923 y=102294 parent=16/57980/25573 source=cache pending=2
45.693 REQUEST id=38 z=18 x=231927 y=102283 parent=16/57981/25570 source=delayed
45.693 WAIT_BEGIN id=38 z=18 x=231927 y=102283 parent=16/57981/25570 source=delayed pending=3
45.696 REQUEST id=39 z=18 x=231925 y=102283 parent=16/57981/25570 source=delayed
45.696 WAIT_BEGIN id=39 z=18 x=231925 y=102283 parent=16/57981/25570 source=delayed pending=4
45.697 REQUEST id=40 z=18 x=231923 y=102292 parent=16/57980/25573 source=cache
45.697 DELIVER id=40 z=18 x=231923 y=102292 parent=16/57980/25573 source=cache pending=4
45.699 REQUEST id=41 z=18 x=231925 y=102285 parent=16/57981/25571 source=local
45.699 DELIVER id=41 z=18 x=231925 y=102285 parent=16/57981/25571 source=local pending=4
45.700 REQUEST id=42 z=18 x=231924 y=102286 parent=16/57981/25571 source=local
45.700 DELIVER id=42 z=18 x=231924 y=102286 parent=16/57981/25571 source=local pending=4
45.700 REQUEST id=43 z=18 x=231924 y=102284 parent=16/57981/25571 source=local
45.700 DELIVER id=43 z=18 x=231924 y=102284 parent=16/57981/25571 source=local pending=4
45.725 REQUEST id=44 z=18 x=231925 y=102284 parent=16/57981/25571 source=local
45.725 DELIVER id=44 z=18 x=231925 y=102284 parent=16/57981/25571 source=local pending=4
45.736 REQUEST id=45 z=18 x=231926 y=102284 parent=16/57981/25571 source=local
45.736 DELIVER id=45 z=18 x=231926 y=102284 parent=16/57981/25571 source=local pending=4
45.748 REQUEST id=46 z=18 x=231925 y=102287 parent=16/57981/25571 source=local
45.748 DELIVER id=46 z=18 x=231925 y=102287 parent=16/57981/25571 source=local pending=4
45.749 REQUEST id=47 z=18 x=231924 y=102287 parent=16/57981/25571 source=local
45.749 DELIVER id=47 z=18 x=231924 y=102287 parent=16/57981/25571 source=local pending=4
45.749 REQUEST id=48 z=18 x=231923 y=102293 parent=16/57980/25573 source=cache
45.749 DELIVER id=48 z=18 x=231923 y=102293 parent=16/57980/25573 source=cache pending=4
45.749 REQUEST id=49 z=18 x=231925 y=102286 parent=16/57981/25571 source=local
45.749 DELIVER id=49 z=18 x=231925 y=102286 parent=16/57981/25571 source=local pending=4
45.750 REQUEST id=50 z=18 x=231926 y=102285 parent=16/57981/25571 source=local
45.750 DELIVER id=50 z=18 x=231926 y=102285 parent=16/57981/25571 source=local pending=4
45.750 REQUEST id=51 z=18 x=231927 y=102284 parent=16/57981/25571 source=local
45.750 DELIVER id=51 z=18 x=231927 y=102284 parent=16/57981/25571 source=local pending=4
45.751 REQUEST id=52 z=18 x=231927 y=102286 parent=16/57981/25571 source=local
45.751 DELIVER id=52 z=18 x=231927 y=102286 parent=16/57981/25571 source=local pending=4
45.752 REQUEST id=53 z=18 x=231927 y=102287 parent=16/57981/25571 source=local
45.752 DELIVER id=53 z=18 x=231927 y=102287 parent=16/57981/25571 source=local pending=4
45.752 REQUEST id=54 z=18 x=231926 y=102286 parent=16/57981/25571 source=local
45.752 DELIVER id=54 z=18 x=231926 y=102286 parent=16/57981/25571 source=local pending=4
45.753 REQUEST id=55 z=18 x=231926 y=102287 parent=16/57981/25571 source=local
45.753 DELIVER id=55 z=18 x=231926 y=102287 parent=16/57981/25571 source=local pending=4
45.753 REQUEST id=56 z=18 x=231924 y=102288 parent=16/57981/25572 source=delayed
45.753 WAIT_BEGIN id=56 z=18 x=231924 y=102288 parent=16/57981/25572 source=delayed pending=5
45.753 REQUEST id=57 z=18 x=231924 y=102289 parent=16/57981/25572 source=delayed
45.753 WAIT_BEGIN id=57 z=18 x=231924 y=102289 parent=16/57981/25572 source=delayed pending=6
45.754 REQUEST id=58 z=18 x=231927 y=102285 parent=16/57981/25571 source=local
45.754 DELIVER id=58 z=18 x=231927 y=102285 parent=16/57981/25571 source=local pending=6
45.754 REQUEST id=59 z=18 x=231925 y=102289 parent=16/57981/25572 source=delayed
45.754 WAIT_BEGIN id=59 z=18 x=231925 y=102289 parent=16/57981/25572 source=delayed pending=7
45.754 REQUEST id=60 z=18 x=231925 y=102288 parent=16/57981/25572 source=delayed
45.754 WAIT_BEGIN id=60 z=18 x=231925 y=102288 parent=16/57981/25572 source=delayed pending=8
45.754 REQUEST id=61 z=18 x=231924 y=102290 parent=16/57981/25572 source=delayed
45.754 WAIT_BEGIN id=61 z=18 x=231924 y=102290 parent=16/57981/25572 source=delayed pending=9
45.755 REQUEST id=62 z=18 x=231924 y=102291 parent=16/57981/25572 source=delayed
45.755 WAIT_BEGIN id=62 z=18 x=231924 y=102291 parent=16/57981/25572 source=delayed pending=10
45.755 REQUEST id=63 z=18 x=231925 y=102290 parent=16/57981/25572 source=delayed
45.755 WAIT_BEGIN id=63 z=18 x=231925 y=102290 parent=16/57981/25572 source=delayed pending=11
45.755 REQUEST id=64 z=18 x=231925 y=102291 parent=16/57981/25572 source=delayed
45.755 WAIT_BEGIN id=64 z=18 x=231925 y=102291 parent=16/57981/25572 source=delayed pending=12
45.755 REQUEST id=65 z=18 x=231926 y=102288 parent=16/57981/25572 source=delayed
45.755 WAIT_BEGIN id=65 z=18 x=231926 y=102288 parent=16/57981/25572 source=delayed pending=13
45.757 REQUEST id=66 z=18 x=231926 y=102289 parent=16/57981/25572 source=delayed
45.757 WAIT_BEGIN id=66 z=18 x=231926 y=102289 parent=16/57981/25572 source=delayed pending=14
45.759 REQUEST id=67 z=18 x=231927 y=102288 parent=16/57981/25572 source=delayed
45.759 WAIT_BEGIN id=67 z=18 x=231927 y=102288 parent=16/57981/25572 source=delayed pending=15
45.760 REQUEST id=68 z=18 x=231927 y=102289 parent=16/57981/25572 source=delayed
45.760 WAIT_BEGIN id=68 z=18 x=231927 y=102289 parent=16/57981/25572 source=delayed pending=16
